Archive member included to satisfy reference by file (symbol)

/usr/lib/gcc/arm-none-eabi/7.3.1/../../../arm-none-eabi/lib/thumb/v7e-m/fpv4-sp/hard/libc_nano.a(lib_a-atexit.o)
                              /usr/lib/gcc/arm-none-eabi/7.3.1/../../../arm-none-eabi/lib/thumb/v7e-m/fpv4-sp/hard/crt0.o (atexit)
/usr/lib/gcc/arm-none-eabi/7.3.1/../../../arm-none-eabi/lib/thumb/v7e-m/fpv4-sp/hard/libc_nano.a(lib_a-atoi.o)
                              build/main.o (atoi)
/usr/lib/gcc/arm-none-eabi/7.3.1/../../../arm-none-eabi/lib/thumb/v7e-m/fpv4-sp/hard/libc_nano.a(lib_a-exit.o)
                              /usr/lib/gcc/arm-none-eabi/7.3.1/../../../arm-none-eabi/lib/thumb/v7e-m/fpv4-sp/hard/crt0.o (exit)
/usr/lib/gcc/arm-none-eabi/7.3.1/../../../arm-none-eabi/lib/thumb/v7e-m/fpv4-sp/hard/libc_nano.a(lib_a-fini.o)
                              /usr/lib/gcc/arm-none-eabi/7.3.1/../../../arm-none-eabi/lib/thumb/v7e-m/fpv4-sp/hard/crt0.o (__libc_fini_array)
/usr/lib/gcc/arm-none-eabi/7.3.1/../../../arm-none-eabi/lib/thumb/v7e-m/fpv4-sp/hard/libc_nano.a(lib_a-impure.o)
                              /usr/lib/gcc/arm-none-eabi/7.3.1/../../../arm-none-eabi/lib/thumb/v7e-m/fpv4-sp/hard/libc_nano.a(lib_a-exit.o) (_global_impure_ptr)
/usr/lib/gcc/arm-none-eabi/7.3.1/../../../arm-none-eabi/lib/thumb/v7e-m/fpv4-sp/hard/libc_nano.a(lib_a-init.o)
                              /usr/lib/gcc/arm-none-eabi/7.3.1/../../../arm-none-eabi/lib/thumb/v7e-m/fpv4-sp/hard/crt0.o (__libc_init_array)
/usr/lib/gcc/arm-none-eabi/7.3.1/../../../arm-none-eabi/lib/thumb/v7e-m/fpv4-sp/hard/libc_nano.a(lib_a-memset.o)
                              /usr/lib/gcc/arm-none-eabi/7.3.1/../../../arm-none-eabi/lib/thumb/v7e-m/fpv4-sp/hard/crt0.o (memset)
/usr/lib/gcc/arm-none-eabi/7.3.1/../../../arm-none-eabi/lib/thumb/v7e-m/fpv4-sp/hard/libc_nano.a(lib_a-strlen.o)
                              build/main.o (strlen)
/usr/lib/gcc/arm-none-eabi/7.3.1/../../../arm-none-eabi/lib/thumb/v7e-m/fpv4-sp/hard/libc_nano.a(lib_a-strstr.o)
                              build/main.o (strstr)
/usr/lib/gcc/arm-none-eabi/7.3.1/../../../arm-none-eabi/lib/thumb/v7e-m/fpv4-sp/hard/libc_nano.a(lib_a-strtol.o)
                              /usr/lib/gcc/arm-none-eabi/7.3.1/../../../arm-none-eabi/lib/thumb/v7e-m/fpv4-sp/hard/libc_nano.a(lib_a-atoi.o) (_strtol_r)
/usr/lib/gcc/arm-none-eabi/7.3.1/../../../arm-none-eabi/lib/thumb/v7e-m/fpv4-sp/hard/libc_nano.a(lib_a-__atexit.o)
                              /usr/lib/gcc/arm-none-eabi/7.3.1/../../../arm-none-eabi/lib/thumb/v7e-m/fpv4-sp/hard/libc_nano.a(lib_a-atexit.o) (__register_exitproc)
/usr/lib/gcc/arm-none-eabi/7.3.1/../../../arm-none-eabi/lib/thumb/v7e-m/fpv4-sp/hard/libc_nano.a(lib_a-__call_atexit.o)
                              /usr/lib/gcc/arm-none-eabi/7.3.1/../../../arm-none-eabi/lib/thumb/v7e-m/fpv4-sp/hard/libc_nano.a(lib_a-__atexit.o) (__call_exitprocs)
/usr/lib/gcc/arm-none-eabi/7.3.1/../../../arm-none-eabi/lib/thumb/v7e-m/fpv4-sp/hard/libc_nano.a(lib_a-ctype_.o)
                              /usr/lib/gcc/arm-none-eabi/7.3.1/../../../arm-none-eabi/lib/thumb/v7e-m/fpv4-sp/hard/libc_nano.a(lib_a-strtol.o) (_ctype_)
/usr/lib/gcc/arm-none-eabi/7.3.1/../../../arm-none-eabi/lib/thumb/v7e-m/fpv4-sp/hard/libc_nano.a(lib_a-memcmp.o)
                              /usr/lib/gcc/arm-none-eabi/7.3.1/../../../arm-none-eabi/lib/thumb/v7e-m/fpv4-sp/hard/libc_nano.a(lib_a-strstr.o) (memcmp)
/usr/lib/gcc/arm-none-eabi/7.3.1/../../../arm-none-eabi/lib/thumb/v7e-m/fpv4-sp/hard/libc_nano.a(lib_a-strchr.o)
                              /usr/lib/gcc/arm-none-eabi/7.3.1/../../../arm-none-eabi/lib/thumb/v7e-m/fpv4-sp/hard/libc_nano.a(lib_a-strstr.o) (strchr)
/usr/lib/gcc/arm-none-eabi/7.3.1/../../../arm-none-eabi/lib/thumb/v7e-m/fpv4-sp/hard/libc_nano.a(lib_a-strnlen.o)
                              /usr/lib/gcc/arm-none-eabi/7.3.1/../../../arm-none-eabi/lib/thumb/v7e-m/fpv4-sp/hard/libc_nano.a(lib_a-strstr.o) (strnlen)
/usr/lib/gcc/arm-none-eabi/7.3.1/../../../arm-none-eabi/lib/thumb/v7e-m/fpv4-sp/hard/libnosys.a(_exit.o)
                              /usr/lib/gcc/arm-none-eabi/7.3.1/../../../arm-none-eabi/lib/thumb/v7e-m/fpv4-sp/hard/libc_nano.a(lib_a-exit.o) (_exit)
/usr/lib/gcc/arm-none-eabi/7.3.1/thumb/v7e-m/fpv4-sp/hard/libgcc.a(_arm_addsubdf3.o)
                              build/main.o (__aeabi_i2d)
/usr/lib/gcc/arm-none-eabi/7.3.1/thumb/v7e-m/fpv4-sp/hard/libgcc.a(_arm_muldivdf3.o)
                              build/main.o (__aeabi_dmul)
/usr/lib/gcc/arm-none-eabi/7.3.1/thumb/v7e-m/fpv4-sp/hard/libgcc.a(_arm_fixunsdfsi.o)
                              build/main.o (__aeabi_d2uiz)
/usr/lib/gcc/arm-none-eabi/7.3.1/thumb/v7e-m/fpv4-sp/hard/libgcc.a(_aeabi_uldivmod.o)
                              build/stm32f4xx_hal_rcc.o (__aeabi_uldivmod)
/usr/lib/gcc/arm-none-eabi/7.3.1/thumb/v7e-m/fpv4-sp/hard/libgcc.a(_udivmoddi4.o)
[...]
Memory Configuration

Name             Origin             Length             Attributes
RAM              0x0000000020000000 0x0000000000050000 xrw
FLASH            0x0000000008000000 0x0000000000180000 xr
*default*        0x0000000000000000 0xffffffffffffffff

Linker script and memory map

LOAD /usr/lib/gcc/arm-none-eabi/7.3.1/thumb/v7e-m/fpv4-sp/hard/crti.o
LOAD /usr/lib/gcc/arm-none-eabi/7.3.1/thumb/v7e-m/fpv4-sp/hard/crtbegin.o
LOAD /usr/lib/gcc/arm-none-eabi/7.3.1/../../../arm-none-eabi/lib/thumb/v7e-m/fpv4-sp/hard/crt0.o
LOAD build/main.o
LOAD build/stm32f4xx_it.o
LOAD build/system_stm32f4xx.o
LOAD build/stm32f4xx_hal_msp.o
LOAD build/stm32f4xx_hal_adc.o
LOAD build/stm32f4xx_hal_adc_ex.o
LOAD build/stm32f4xx_ll_adc.o
LOAD build/stm32f4xx_hal_rcc.o
LOAD build/stm32f4xx_hal_rcc_ex.o
LOAD build/stm32f4xx_hal_flash.o
LOAD build/stm32f4xx_hal_flash_ex.o
LOAD build/stm32f4xx_hal_flash_ramfunc.o
LOAD build/stm32f4xx_hal_gpio.o
LOAD build/stm32f4xx_hal_dma_ex.o
LOAD build/stm32f4xx_hal_dma.o
LOAD build/stm32f4xx_hal_pwr.o
LOAD build/stm32f4xx_hal_pwr_ex.o
LOAD build/stm32f4xx_hal_cortex.o
LOAD build/stm32f4xx_hal.o
LOAD build/stm32f4xx_hal_exti.o
LOAD build/stm32f4xx_hal_dac.o
LOAD build/stm32f4xx_hal_dac_ex.o
LOAD build/stm32f4xx_hal_tim.o
LOAD build/stm32f4xx_hal_tim_ex.o
LOAD build/stm32f4xx_hal_uart.o
LOAD build/stm32f4xx_nucleo_144.o
LOAD build/startup_stm32f413xx.o
LOAD /usr/lib/gcc/arm-none-eabi/7.3.1/../../../arm-none-eabi/lib/thumb/v7e-m/fpv4-sp/hard/libc_nano.a
LOAD /usr/lib/gcc/arm-none-eabi/7.3.1/../../../arm-none-eabi/lib/thumb/v7e-m/fpv4-sp/hard/libm.a
LOAD /usr/lib/gcc/arm-none-eabi/7.3.1/../../../arm-none-eabi/lib/thumb/v7e-m/fpv4-sp/hard/libnosys.a
START GROUP
LOAD /usr/lib/gcc/arm-none-eabi/7.3.1/thumb/v7e-m/fpv4-sp/hard/libgcc.a
LOAD /usr/lib/gcc/arm-none-eabi/7.3.1/../../../arm-none-eabi/lib/thumb/v7e-m/fpv4-sp/hard/libc_nano.a
END GROUP
START GROUP
LOAD /usr/lib/gcc/arm-none-eabi/7.3.1/thumb/v7e-m/fpv4-sp/hard/libgcc.a
LOAD /usr/lib/gcc/arm-none-eabi/7.3.1/../../../arm-none-eabi/lib/thumb/v7e-m/fpv4-sp/hard/libc_nano.a
END GROUP
LOAD /usr/lib/gcc/arm-none-eabi/7.3.1/thumb/v7e-m/fpv4-sp/hard/crtend.o
LOAD /usr/lib/gcc/arm-none-eabi/7.3.1/thumb/v7e-m/fpv4-sp/hard/crtn.o
                0x0000000020050000                _estack = 0x20050000
                0x0000000000000200                _Min_Heap_Size = 0x200
                0x0000000000000400                _Min_Stack_Size = 0x400

.isr_vector     0x0000000008000000      0x1d8
                0x0000000008000000                . = ALIGN (0x4)
 *(.isr_vector)
 .isr_vector    0x0000000008000000      0x1d8 build/startup_stm32f413xx.o
                0x0000000008000000                g_pfnVectors
                0x00000000080001d8                . = ALIGN (0x4)

.text           0x0000000008000200     0x40f0
                0x0000000008000200                . = ALIGN (0x4)
 *(.text)
 .text          0x0000000008000200       0x88 /usr/lib/gcc/arm-none-eabi/7.3.1/thumb/v7e-m/fpv4-sp/hard/crtbegin.o
 .text          0x0000000008000288       0x10 /usr/lib/gcc/arm-none-eabi/7.3.1/../../../arm-none-eabi/lib/thumb/v7e-m/fpv4-sp/hard/libc_nano.a(lib_a-atoi.o)
                0x0000000008000288                atoi
                0x0000000008000290                _atoi_r
 .text          0x0000000008000298       0x48 /usr/lib/gcc/arm-none-eabi/7.3.1/../../../arm-none-eabi/lib/thumb/v7e-m/fpv4-sp/hard/libc_nano.a(lib_a-init.o)
                0x0000000008000298                __libc_init_array
 .text          0x00000000080002e0       0x94 /usr/lib/gcc/arm-none-eabi/7.3.1/../../../arm-none-eabi/lib/thumb/v7e-m/fpv4-sp/hard/libc_nano.a(lib_a-memset.o)
                0x00000000080002e0                memset
 *fill*         0x0000000008000374        0xc 
 .text          0x0000000008000380       0xdc /usr/lib/gcc/arm-none-eabi/7.3.1/../../../arm-none-eabi/lib/thumb/v7e-m/fpv4-sp/hard/libc_nano.a(lib_a-strlen.o)
                0x0000000008000380                strlen
 .text          0x000000000800045c      0x430 /usr/lib/gcc/arm-none-eabi/7.3.1/../../../arm-none-eabi/lib/thumb/v7e-m/fpv4-sp/hard/libc_nano.a(lib_a-strstr.o)
                0x0000000008000720                strstr
 .text          0x000000000800088c      0x144 /usr/lib/gcc/arm-none-eabi/7.3.1/../../../arm-none-eabi/lib/thumb/v7e-m/fpv4-sp/hard/libc_nano.a(lib_a-strtol.o)
                0x000000000800099c                _strtol_r
                0x00000000080009a0                strtol_l
                0x00000000080009b8                strtol
 .text          0x00000000080009d0       0x64 /usr/lib/gcc/arm-none-eabi/7.3.1/../../../arm-none-eabi/lib/thumb/v7e-m/fpv4-sp/hard/libc_nano.a(lib_a-memcmp.o)
                0x00000000080009d0                memcmp
 .text          0x0000000008000a34       0xe8 /usr/lib/gcc/arm-none-eabi/7.3.1/../../../arm-none-eabi/lib/thumb/v7e-m/fpv4-sp/hard/libc_nano.a(lib_a-strchr.o)
                0x0000000008000a34                strchr
 .text          0x0000000008000b1c       0x40 /usr/lib/gcc/arm-none-eabi/7.3.1/../../../arm-none-eabi/lib/thumb/v7e-m/fpv4-sp/hard/libc_nano.a(lib_a-strnlen.o)
                0x0000000008000b1c                strnlen
 .text          0x0000000008000b5c      0x378 /usr/lib/gcc/arm-none-eabi/7.3.1/thumb/v7e-m/fpv4-sp/hard/libgcc.a(_arm_addsubdf3.o)
                0x0000000008000b5c                __aeabi_drsub
                0x0000000008000b64                __aeabi_dsub
                0x0000000008000b64                __subdf3
                0x0000000008000b68                __adddf3
                0x0000000008000b68                __aeabi_dadd
                0x0000000008000de0                __aeabi_ui2d
                0x0000000008000de0                __floatunsidf
                0x0000000008000e00                __floatsidf
                0x0000000008000e00                __aeabi_i2d
                0x0000000008000e24                __extendsfdf2
                0x0000000008000e24                __aeabi_f2d
                0x0000000008000e68                __aeabi_ul2d
                0x0000000008000e68                __floatundidf
                0x0000000008000e78                __floatdidf
                0x0000000008000e78                __aeabi_l2d
 .text          0x0000000008000ed4      0x424 /usr/lib/gcc/arm-none-eabi/7.3.1/thumb/v7e-m/fpv4-sp/hard/libgcc.a(_arm_muldivdf3.o)
                0x0000000008000ed4                __aeabi_dmul
                0x0000000008000ed4                __muldf3
                0x0000000008001128                __aeabi_ddiv
                0x0000000008001128                __divdf3
 .text          0x00000000080012f8       0x40 /usr/lib/gcc/arm-none-eabi/7.3.1/thumb/v7e-m/fpv4-sp/hard/libgcc.a(_arm_fixunsdfsi.o)
                0x00000000080012f8                __fixunsdfsi
                0x00000000080012f8                __aeabi_d2uiz
 .text          0x0000000008001338       0x30 /usr/lib/gcc/arm-none-eabi/7.3.1/thumb/v7e-m/fpv4-sp/hard/libgcc.a(_aeabi_uldivmod.o)
                0x0000000008001338                __aeabi_uldivmod
 .text          0x0000000008001368      0x2cc /usr/lib/gcc/arm-none-eabi/7.3.1/thumb/v7e-m/fpv4-sp/hard/libgcc.a(_udivmoddi4.o)
                0x0000000008001368                __udivmoddi4
 .text          0x0000000008001634        0x4 /usr/lib/gcc/arm-none-eabi/7.3.1/thumb/v7e-m/fpv4-sp/hard/libgcc.a(_dvmd_tls.o)
                0x0000000008001634                __aeabi_ldiv0
                0x0000000008001634                __aeabi_idiv0
 *(.text*)
 .text.MX_GPIO_Init
                0x0000000008001638       0x7c build/main.o
 .text.MX_DMA_Init
                0x00000000080016b4       0x58 build/main.o
 .text.prog_init
                0x000000000800170c       0x2e build/main.o
                0x000000000800170c                prog_init
 *fill*         0x000000000800173a        0x2 
 .text.send_back
                0x000000000800173c       0x1c build/main.o
                0x000000000800173c                send_back
 .text.read_ADC_values
                0x0000000008001758       0x60 build/main.o
                0x0000000008001758                read_ADC_values
 .text.get_num  0x00000000080017b8       0x64 build/main.o
                0x00000000080017b8                get_num
 .text.HAL_ADC_ConvCpltCallback
                0x000000000800181c       0x14 build/main.o
                0x000000000800181c                HAL_ADC_ConvCpltCallback
 .text.Error_Handler
                0x0000000008001830        0x4 build/main.o
                0x0000000008001830                Error_Handler
 .text.MX_ADC1_Init
                0x0000000008001834       0x88 build/main.o
 .text.MX_TIM2_Init
                0x00000000080018bc       0x70 build/main.o
 .text.measure  0x000000000800192c       0xac build/main.o
                0x000000000800192c                measure
 .text.z_func   0x00000000080019d8      0x1bc build/main.o
                0x00000000080019d8                z_func
 .text.try_to_read
                0x0000000008001b94       0x48 build/main.o
                0x0000000008001b94                try_to_read
 .text.loop     0x0000000008001bdc        0x8 build/main.o
                0x0000000008001bdc                loop
 .text.MX_DAC_Init
                0x0000000008001be4       0x40 build/main.o
 .text.MX_USART3_UART_Init
                0x0000000008001c24       0x34 build/main.o
 .text.MX_TIM1_Init
                0x0000000008001c58       0x7c build/main.o
 .text.SystemClock_Config
                0x0000000008001cd4       0xa0 build/main.o
                0x0000000008001cd4                SystemClock_Config
 .text.main     0x0000000008001d74       0x40 build/main.o
                0x0000000008001d74                main
 .text.NMI_Handler
                0x0000000008001db4        0x2 build/stm32f4xx_it.o
                0x0000000008001db4                NMI_Handler
 .text.HardFault_Handler
                0x0000000008001db6        0x2 build/stm32f4xx_it.o
                0x0000000008001db6                HardFault_Handler
 .text.MemManage_Handler
                0x0000000008001db8        0x2 build/stm32f4xx_it.o
                0x0000000008001db8                MemManage_Handler
 .text.BusFault_Handler
                0x0000000008001dba        0x2 build/stm32f4xx_it.o
                0x0000000008001dba                BusFault_Handler
 .text.UsageFault_Handler
                0x0000000008001dbc        0x2 build/stm32f4xx_it.o
                0x0000000008001dbc                UsageFault_Handler
 .text.SVC_Handler
                0x0000000008001dbe        0x2 build/stm32f4xx_it.o
                0x0000000008001dbe                SVC_Handler
 .text.DebugMon_Handler
                0x0000000008001dc0        0x2 build/stm32f4xx_it.o
                0x0000000008001dc0                DebugMon_Handler
 .text.PendSV_Handler
                0x0000000008001dc2        0x2 build/stm32f4xx_it.o
                0x0000000008001dc2                PendSV_Handler
 .text.SysTick_Handler
                0x0000000008001dc4        0x8 build/stm32f4xx_it.o
                0x0000000008001dc4                SysTick_Handler
 .text.DMA1_Stream5_IRQHandler
                0x0000000008001dcc       0x10 build/stm32f4xx_it.o
                0x0000000008001dcc                DMA1_Stream5_IRQHandler
 .text.ADC_IRQHandler
                0x0000000008001ddc       0x10 build/stm32f4xx_it.o
                0x0000000008001ddc                ADC_IRQHandler
 .text.TIM1_BRK_TIM9_IRQHandler
                0x0000000008001dec       0x10 build/stm32f4xx_it.o
                0x0000000008001dec                TIM1_BRK_TIM9_IRQHandler
 .text.TIM1_UP_TIM10_IRQHandler
                0x0000000008001dfc       0x10 build/stm32f4xx_it.o
                0x0000000008001dfc                TIM1_UP_TIM10_IRQHandler
 .text.TIM1_TRG_COM_TIM11_IRQHandler
                0x0000000008001e0c       0x10 build/stm32f4xx_it.o
                0x0000000008001e0c                TIM1_TRG_COM_TIM11_IRQHandler
 .text.TIM1_CC_IRQHandler
                0x0000000008001e1c       0x10 build/stm32f4xx_it.o
                0x0000000008001e1c                TIM1_CC_IRQHandler
 .text.TIM2_IRQHandler
                0x0000000008001e2c       0x10 build/stm32f4xx_it.o
                0x0000000008001e2c                TIM2_IRQHandler
 .text.TIM6_DAC_IRQHandler
                0x0000000008001e3c       0x10 build/stm32f4xx_it.o
                0x0000000008001e3c                TIM6_DAC_IRQHandler
 .text.DMA2_Stream0_IRQHandler
                0x0000000008001e4c       0x10 build/stm32f4xx_it.o
                0x0000000008001e4c                DMA2_Stream0_IRQHandler
 .text.SystemInit
                0x0000000008001e5c       0x14 build/system_stm32f4xx.o
                0x0000000008001e5c                SystemInit
 .text.HAL_MspInit
                0x0000000008001e70       0x38 build/stm32f4xx_hal_msp.o
                0x0000000008001e70                HAL_MspInit
 .text.HAL_ADC_MspInit
                0x0000000008001ea8       0xbc build/stm32f4xx_hal_msp.o
                0x0000000008001ea8                HAL_ADC_MspInit
 .text.HAL_DAC_MspInit
                0x0000000008001f64       0xc0 build/stm32f4xx_hal_msp.o
                0x0000000008001f64                HAL_DAC_MspInit
 .text.HAL_TIM_Base_MspInit
                0x0000000008002024       0xa4 build/stm32f4xx_hal_msp.o
                0x0000000008002024                HAL_TIM_Base_MspInit
 .text.HAL_UART_MspInit
                0x00000000080020c8       0x70 build/stm32f4xx_hal_msp.o
                0x00000000080020c8                HAL_UART_MspInit
 .text.ADC_Init
                0x0000000008002138      0x134 build/stm32f4xx_hal_adc.o
 .text.HAL_ADC_Init
                0x000000000800226c       0x56 build/stm32f4xx_hal_adc.o
                0x000000000800226c                HAL_ADC_Init
 *fill*         0x00000000080022c2        0x2 
 .text.HAL_ADC_Start_DMA
                0x00000000080022c4      0x164 build/stm32f4xx_hal_adc.o
                0x00000000080022c4                HAL_ADC_Start_DMA
 .text.HAL_ADC_ConvHalfCpltCallback
                0x0000000008002428        0x2 build/stm32f4xx_hal_adc.o
                0x0000000008002428                HAL_ADC_ConvHalfCpltCallback
 .text.ADC_DMAHalfConvCplt
                0x000000000800242a        0xa build/stm32f4xx_hal_adc.o
 .text.HAL_ADC_LevelOutOfWindowCallback
                0x0000000008002434        0x2 build/stm32f4xx_hal_adc.o
                0x0000000008002434                HAL_ADC_LevelOutOfWindowCallback
 .text.HAL_ADC_ErrorCallback
                0x0000000008002436        0x2 build/stm32f4xx_hal_adc.o
                0x0000000008002436                HAL_ADC_ErrorCallback
 .text.HAL_ADC_IRQHandler
                0x0000000008002438      0x14e build/stm32f4xx_hal_adc.o
                0x0000000008002438                HAL_ADC_IRQHandler
 .text.ADC_DMAError
                0x0000000008002586       0x16 build/stm32f4xx_hal_adc.o
 .text.ADC_DMAConvCplt
                0x000000000800259c       0x72 build/stm32f4xx_hal_adc.o
 *fill*         0x000000000800260e        0x2 
 .text.HAL_ADC_ConfigChannel
                0x0000000008002610      0x1a4 build/stm32f4xx_hal_adc.o
                0x0000000008002610                HAL_ADC_ConfigChannel
 .text.HAL_ADCEx_InjectedConvCpltCallback
                0x00000000080027b4        0x2 build/stm32f4xx_hal_adc_ex.o
                0x00000000080027b4                HAL_ADCEx_InjectedConvCpltCallback
 *fill*         0x00000000080027b6        0x2 
 .text.HAL_RCC_GetSysClockFreq
                0x00000000080027b8       0xa8 build/stm32f4xx_hal_rcc.o
                0x00000000080027b8                HAL_RCC_GetSysClockFreq
 .text.HAL_RCC_ClockConfig
                0x0000000008002860      0x160 build/stm32f4xx_hal_rcc.o
                0x0000000008002860                HAL_RCC_ClockConfig
 .text.HAL_RCC_GetHCLKFreq
                0x00000000080029c0        0xc build/stm32f4xx_hal_rcc.o
                0x00000000080029c0                HAL_RCC_GetHCLKFreq
 .text.HAL_RCC_GetPCLK1Freq
                0x00000000080029cc       0x20 build/stm32f4xx_hal_rcc.o
                0x00000000080029cc                HAL_RCC_GetPCLK1Freq
 .text.HAL_RCC_GetPCLK2Freq
                0x00000000080029ec       0x20 build/stm32f4xx_hal_rcc.o
                0x00000000080029ec                HAL_RCC_GetPCLK2Freq
 .text.HAL_RCC_OscConfig
                0x0000000008002a0c      0x40c build/stm32f4xx_hal_rcc_ex.o
                0x0000000008002a0c                HAL_RCC_OscConfig
 .text.HAL_GPIO_Init
                0x0000000008002e18      0x1c8 build/stm32f4xx_hal_gpio.o
                0x0000000008002e18                HAL_GPIO_Init
 .text.HAL_GPIO_WritePin
                0x0000000008002fe0        0xc build/stm32f4xx_hal_gpio.o
                0x0000000008002fe0                HAL_GPIO_WritePin
 .text.DMA_SetConfig
                0x0000000008002fec       0x2c build/stm32f4xx_hal_dma.o
 .text.DMA_CalcBaseAndBitshift
                0x0000000008003018       0x3c build/stm32f4xx_hal_dma.o
 .text.DMA_CheckFifoParam
                0x0000000008003054       0x8e build/stm32f4xx_hal_dma.o
 *fill*         0x00000000080030e2        0x2 
 .text.HAL_DMA_Init
                0x00000000080030e4       0xcc build/stm32f4xx_hal_dma.o
                0x00000000080030e4                HAL_DMA_Init
 .text.HAL_DMA_Start_IT
                0x00000000080031b0       0x6a build/stm32f4xx_hal_dma.o
                0x00000000080031b0                HAL_DMA_Start_IT
 *fill*         0x000000000800321a        0x2 
 .text.HAL_DMA_IRQHandler
                0x000000000800321c      0x1dc build/stm32f4xx_hal_dma.o
                0x000000000800321c                HAL_DMA_IRQHandler
 .text.HAL_NVIC_SetPriorityGrouping
                0x00000000080033f8       0x24 build/stm32f4xx_hal_cortex.o
                0x00000000080033f8                HAL_NVIC_SetPriorityGrouping
 .text.HAL_NVIC_SetPriority
                0x000000000800341c       0x68 build/stm32f4xx_hal_cortex.o
                0x000000000800341c                HAL_NVIC_SetPriority
 .text.HAL_NVIC_EnableIRQ
                0x0000000008003484       0x1c build/stm32f4xx_hal_cortex.o
                0x0000000008003484                HAL_NVIC_EnableIRQ
 .text.HAL_SYSTICK_Config
                0x00000000080034a0       0x2c build/stm32f4xx_hal_cortex.o
                0x00000000080034a0                HAL_SYSTICK_Config
 .text.HAL_InitTick
                0x00000000080034cc       0x4c build/stm32f4xx_hal.o
                0x00000000080034cc                HAL_InitTick
 .text.HAL_Init
                0x0000000008003518       0x34 build/stm32f4xx_hal.o
                0x0000000008003518                HAL_Init
 .text.HAL_IncTick
                0x000000000800354c       0x18 build/stm32f4xx_hal.o
                0x000000000800354c                HAL_IncTick
 .text.HAL_GetTick
                0x0000000008003564        0xc build/stm32f4xx_hal.o
                0x0000000008003564                HAL_GetTick
 .text.HAL_Delay
                0x0000000008003570       0x28 build/stm32f4xx_hal.o
                0x0000000008003570                HAL_Delay
 .text.HAL_DAC_Init
                0x0000000008003598       0x24 build/stm32f4xx_hal_dac.o
                0x0000000008003598                HAL_DAC_Init
 .text.HAL_DAC_Start
                0x00000000080035bc       0x64 build/stm32f4xx_hal_dac.o
                0x00000000080035bc                HAL_DAC_Start
 .text.HAL_DAC_Start_DMA
                0x0000000008003620      0x104 build/stm32f4xx_hal_dac.o
                0x0000000008003620                HAL_DAC_Start_DMA
 .text.HAL_DAC_ConvCpltCallbackCh1
                0x0000000008003724        0x2 build/stm32f4xx_hal_dac.o
                0x0000000008003724                HAL_DAC_ConvCpltCallbackCh1
 .text.DAC_DMAConvCpltCh1
                0x0000000008003726       0x10 build/stm32f4xx_hal_dac.o
                0x0000000008003726                DAC_DMAConvCpltCh1
 .text.HAL_DAC_ConvHalfCpltCallbackCh1
                0x0000000008003736        0x2 build/stm32f4xx_hal_dac.o
                0x0000000008003736                HAL_DAC_ConvHalfCpltCallbackCh1
 .text.DAC_DMAHalfConvCpltCh1
                0x0000000008003738        0xa build/stm32f4xx_hal_dac.o
                0x0000000008003738                DAC_DMAHalfConvCpltCh1
 .text.HAL_DAC_ErrorCallbackCh1
                0x0000000008003742        0x2 build/stm32f4xx_hal_dac.o
                0x0000000008003742                HAL_DAC_ErrorCallbackCh1
 .text.DAC_DMAErrorCh1
                0x0000000008003744       0x18 build/stm32f4xx_hal_dac.o
                0x0000000008003744                DAC_DMAErrorCh1
 .text.HAL_DAC_DMAUnderrunCallbackCh1
                0x000000000800375c        0x2 build/stm32f4xx_hal_dac.o
                0x000000000800375c                HAL_DAC_DMAUnderrunCallbackCh1
 .text.HAL_DAC_IRQHandler
                0x000000000800375e       0x70 build/stm32f4xx_hal_dac.o
                0x000000000800375e                HAL_DAC_IRQHandler
 .text.HAL_DAC_ConfigChannel
                0x00000000080037ce       0x4e build/stm32f4xx_hal_dac.o
                0x00000000080037ce                HAL_DAC_ConfigChannel
 .text.HAL_DACEx_ConvCpltCallbackCh2
                0x000000000800381c        0x2 build/stm32f4xx_hal_dac_ex.o
                0x000000000800381c                HAL_DACEx_ConvCpltCallbackCh2
 .text.HAL_DACEx_ConvHalfCpltCallbackCh2
                0x000000000800381e        0x2 build/stm32f4xx_hal_dac_ex.o
                0x000000000800381e                HAL_DACEx_ConvHalfCpltCallbackCh2
 .text.HAL_DACEx_ErrorCallbackCh2
                0x0000000008003820        0x2 build/stm32f4xx_hal_dac_ex.o
                0x0000000008003820                HAL_DACEx_ErrorCallbackCh2
 .text.HAL_DACEx_DMAUnderrunCallbackCh2
                0x0000000008003822        0x2 build/stm32f4xx_hal_dac_ex.o
                0x0000000008003822                HAL_DACEx_DMAUnderrunCallbackCh2
 .text.DAC_DMAConvCpltCh2
                0x0000000008003824       0x10 build/stm32f4xx_hal_dac_ex.o
                0x0000000008003824                DAC_DMAConvCpltCh2
 .text.DAC_DMAHalfConvCpltCh2
                0x0000000008003834        0xa build/stm32f4xx_hal_dac_ex.o
                0x0000000008003834                DAC_DMAHalfConvCpltCh2
 .text.DAC_DMAErrorCh2
                0x000000000800383e       0x18 build/stm32f4xx_hal_dac_ex.o
                0x000000000800383e                DAC_DMAErrorCh2
 .text.TIM_TI1_ConfigInputStage
                0x0000000008003856       0x26 build/stm32f4xx_hal_tim.o
 .text.TIM_TI2_ConfigInputStage
                0x000000000800387c       0x28 build/stm32f4xx_hal_tim.o
 .text.TIM_ITRx_SetConfig
                0x00000000080038a4       0x10 build/stm32f4xx_hal_tim.o
 .text.HAL_TIM_Base_Start
                0x00000000080038b4       0x7c build/stm32f4xx_hal_tim.o
                0x00000000080038b4                HAL_TIM_Base_Start
 .text.HAL_TIM_Base_Stop
                0x0000000008003930       0x28 build/stm32f4xx_hal_tim.o
                0x0000000008003930                HAL_TIM_Base_Stop
 .text.HAL_TIM_OnePulse_MspInit
                0x0000000008003958        0x2 build/stm32f4xx_hal_tim.o
                0x0000000008003958                HAL_TIM_OnePulse_MspInit
 .text.HAL_TIM_PeriodElapsedCallback
                0x000000000800395a        0x2 build/stm32f4xx_hal_tim.o
                0x000000000800395a                HAL_TIM_PeriodElapsedCallback
 .text.HAL_TIM_OC_DelayElapsedCallback
                0x000000000800395c        0x2 build/stm32f4xx_hal_tim.o
                0x000000000800395c                HAL_TIM_OC_DelayElapsedCallback
 .text.HAL_TIM_IC_CaptureCallback
                0x000000000800395e        0x2 build/stm32f4xx_hal_tim.o
                0x000000000800395e                HAL_TIM_IC_CaptureCallback
 .text.HAL_TIM_PWM_PulseFinishedCallback
                0x0000000008003960        0x2 build/stm32f4xx_hal_tim.o
                0x0000000008003960                HAL_TIM_PWM_PulseFinishedCallback
 .text.HAL_TIM_TriggerCallback
                0x0000000008003962        0x2 build/stm32f4xx_hal_tim.o
                0x0000000008003962                HAL_TIM_TriggerCallback
 .text.HAL_TIM_IRQHandler
                0x0000000008003964      0x17a build/stm32f4xx_hal_tim.o
                0x0000000008003964                HAL_TIM_IRQHandler
 *fill*         0x0000000008003ade        0x2 
 .text.TIM_Base_SetConfig
                0x0000000008003ae0       0xc8 build/stm32f4xx_hal_tim.o
                0x0000000008003ae0                TIM_Base_SetConfig
 .text.HAL_TIM_Base_Init
                0x0000000008003ba8       0x56 build/stm32f4xx_hal_tim.o
                0x0000000008003ba8                HAL_TIM_Base_Init
 .text.HAL_TIM_OnePulse_Init
                0x0000000008003bfe       0x5a build/stm32f4xx_hal_tim.o
                0x0000000008003bfe                HAL_TIM_OnePulse_Init
 .text.TIM_ETR_SetConfig
                0x0000000008003c58       0x18 build/stm32f4xx_hal_tim.o
                0x0000000008003c58                TIM_ETR_SetConfig
 .text.HAL_TIM_ConfigClockSource
                0x0000000008003c70       0xf4 build/stm32f4xx_hal_tim.o
                0x0000000008003c70                HAL_TIM_ConfigClockSource
 .text.HAL_TIMEx_MasterConfigSynchronization
                0x0000000008003d64       0x88 build/stm32f4xx_hal_tim_ex.o
                0x0000000008003d64                HAL_TIMEx_MasterConfigSynchronization
 .text.HAL_TIMEx_CommutCallback
                0x0000000008003dec        0x2 build/stm32f4xx_hal_tim_ex.o
                0x0000000008003dec                HAL_TIMEx_CommutCallback
 .text.HAL_TIMEx_BreakCallback
                0x0000000008003dee        0x2 build/stm32f4xx_hal_tim_ex.o
                0x0000000008003dee                HAL_TIMEx_BreakCallback
 .text.UART_SetConfig
                0x0000000008003df0      0x144 build/stm32f4xx_hal_uart.o
 .text.UART_WaitOnFlagUntilTimeout
                0x0000000008003f34       0x7e build/stm32f4xx_hal_uart.o
 .text.HAL_UART_Init
                0x0000000008003fb2       0x5e build/stm32f4xx_hal_uart.o
                0x0000000008003fb2                HAL_UART_Init
 .text.HAL_UART_Transmit
                0x0000000008004010       0xda build/stm32f4xx_hal_uart.o
                0x0000000008004010                HAL_UART_Transmit
 .text.HAL_UART_Receive
                0x00000000080040ea       0xe2 build/stm32f4xx_hal_uart.o
                0x00000000080040ea                HAL_UART_Receive
 .text.BSP_LED_Init
                0x00000000080041cc       0x78 build/stm32f4xx_nucleo_144.o
                0x00000000080041cc                BSP_LED_Init
 .text.BSP_LED_On
                0x0000000008004244       0x20 build/stm32f4xx_nucleo_144.o
                0x0000000008004244                BSP_LED_On
 .text.BSP_LED_Off
                0x0000000008004264       0x20 build/stm32f4xx_nucleo_144.o
                0x0000000008004264                BSP_LED_Off
 .text.Reset_Handler
                0x0000000008004284       0x50 build/startup_stm32f413xx.o
                0x0000000008004284                Reset_Handler
 .text.Default_Handler
                0x00000000080042d4        0x2 build/startup_stm32f413xx.o
                0x00000000080042d4                RTC_Alarm_IRQHandler
                0x00000000080042d4                EXTI2_IRQHandler
                0x00000000080042d4                TIM8_CC_IRQHandler
                0x00000000080042d4                UART8_IRQHandler
                0x00000000080042d4                FMPI2C1_EV_IRQHandler
                0x00000000080042d4                SPI4_IRQHandler
                0x00000000080042d4                DMA2_Stream5_IRQHandler
                0x00000000080042d4                CAN3_RX1_IRQHandler
                0x00000000080042d4                PVD_IRQHandler
                0x00000000080042d4                SDIO_IRQHandler
                0x00000000080042d4                TAMP_STAMP_IRQHandler
                0x00000000080042d4                CAN2_RX1_IRQHandler
                0x00000000080042d4                EXTI3_IRQHandler
                0x00000000080042d4                TIM8_TRG_COM_TIM14_IRQHandler
                0x00000000080042d4                DFSDM1_FLT1_IRQHandler
                0x00000000080042d4                TIM8_UP_TIM13_IRQHandler
                0x00000000080042d4                I2C3_ER_IRQHandler
                0x00000000080042d4                EXTI0_IRQHandler
                0x00000000080042d4                I2C2_EV_IRQHandler
                0x00000000080042d4                DMA1_Stream2_IRQHandler
                0x00000000080042d4                CAN1_RX0_IRQHandler
                0x00000000080042d4                FPU_IRQHandler
                0x00000000080042d4                CAN3_SCE_IRQHandler
                0x00000000080042d4                CAN2_SCE_IRQHandler
                0x00000000080042d4                DMA2_Stream2_IRQHandler
                0x00000000080042d4                SPI1_IRQHandler
                0x00000000080042d4                CAN2_RX0_IRQHandler
                0x00000000080042d4                DMA2_Stream3_IRQHandler
                0x00000000080042d4                USART6_IRQHandler
                0x00000000080042d4                CAN3_RX0_IRQHandler
                0x00000000080042d4                USART3_IRQHandler
                0x00000000080042d4                DFSDM2_FLT3_IRQHandler
                0x00000000080042d4                CAN1_RX1_IRQHandler
                0x00000000080042d4                UART5_IRQHandler
                0x00000000080042d4                TIM4_IRQHandler
                0x00000000080042d4                QUADSPI_IRQHandler
                0x00000000080042d4                I2C1_EV_IRQHandler
                0x00000000080042d4                DMA1_Stream6_IRQHandler
                0x00000000080042d4                DMA1_Stream1_IRQHandler
                0x00000000080042d4                UART4_IRQHandler
                0x00000000080042d4                TIM3_IRQHandler
                0x00000000080042d4                RCC_IRQHandler
                0x00000000080042d4                UART9_IRQHandler
                0x00000000080042d4                TIM8_BRK_TIM12_IRQHandler
                0x00000000080042d4                Default_Handler
                0x00000000080042d4                EXTI15_10_IRQHandler
                0x00000000080042d4                DMA1_Stream7_IRQHandler
                0x00000000080042d4                DFSDM2_FLT0_IRQHandler
                0x00000000080042d4                SPI5_IRQHandler
                0x00000000080042d4                TIM7_IRQHandler
                0x00000000080042d4                CAN2_TX_IRQHandler
                0x00000000080042d4                TIM5_IRQHandler
                0x00000000080042d4                DMA2_Stream7_IRQHandler
                0x00000000080042d4                I2C3_EV_IRQHandler
                0x00000000080042d4                DFSDM2_FLT2_IRQHandler
                0x00000000080042d4                EXTI9_5_IRQHandler
                0x00000000080042d4                RTC_WKUP_IRQHandler
                0x00000000080042d4                SPI2_IRQHandler
                0x00000000080042d4                DMA1_Stream0_IRQHandler
                0x00000000080042d4                CAN1_TX_IRQHandler
                0x00000000080042d4                FMPI2C1_ER_IRQHandler
                0x00000000080042d4                EXTI4_IRQHandler
                0x00000000080042d4                DFSDM2_FLT1_IRQHandler
                0x00000000080042d4                RNG_IRQHandler
                0x00000000080042d4                FSMC_IRQHandler
                0x00000000080042d4                WWDG_IRQHandler
                0x00000000080042d4                CAN3_TX_IRQHandler
                0x00000000080042d4                OTG_FS_WKUP_IRQHandler
                0x00000000080042d4                EXTI1_IRQHandler
                0x00000000080042d4                UART7_IRQHandler
                0x00000000080042d4                USART2_IRQHandler
                0x00000000080042d4                DFSDM1_FLT0_IRQHandler
                0x00000000080042d4                I2C2_ER_IRQHandler
                0x00000000080042d4                DMA2_Stream1_IRQHandler
                0x00000000080042d4                CAN1_SCE_IRQHandler
                0x00000000080042d4                FLASH_IRQHandler
                0x00000000080042d4                DMA2_Stream4_IRQHandler
                0x00000000080042d4                USART1_IRQHandler
                0x00000000080042d4                OTG_FS_IRQHandler
                0x00000000080042d4                SPI3_IRQHandler
                0x00000000080042d4                DMA1_Stream4_IRQHandler
                0x00000000080042d4                I2C1_ER_IRQHandler
                0x00000000080042d4                LPTIM1_IRQHandler
                0x00000000080042d4                DMA2_Stream6_IRQHandler
                0x00000000080042d4                UART10_IRQHandler
                0x00000000080042d4                SAI1_IRQHandler
                0x00000000080042d4                DMA1_Stream3_IRQHandler
 *(.glue_7)
 .glue_7        0x00000000080042d6        0x0 linker stubs
 *(.glue_7t)
 .glue_7t       0x00000000080042d6        0x0 linker stubs
 *(.eh_frame)
 *fill*         0x00000000080042d6        0x2 
 .eh_frame      0x00000000080042d8        0x0 /usr/lib/gcc/arm-none-eabi/7.3.1/thumb/v7e-m/fpv4-sp/hard/crtbegin.o
 *(.init)
 .init          0x00000000080042d8        0x4 /usr/lib/gcc/arm-none-eabi/7.3.1/thumb/v7e-m/fpv4-sp/hard/crti.o
                0x00000000080042d8                _init
 .init          0x00000000080042dc        0x8 /usr/lib/gcc/arm-none-eabi/7.3.1/thumb/v7e-m/fpv4-sp/hard/crtn.o
 *(.fini)
 .fini          0x00000000080042e4        0x4 /usr/lib/gcc/arm-none-eabi/7.3.1/thumb/v7e-m/fpv4-sp/hard/crti.o
                0x00000000080042e4                _fini
 .fini          0x00000000080042e8        0x8 /usr/lib/gcc/arm-none-eabi/7.3.1/thumb/v7e-m/fpv4-sp/hard/crtn.o
                0x00000000080042f0                . = ALIGN (0x4)
                0x00000000080042f0                _etext = .

.vfp11_veneer   0x00000000080042f0        0x0
 .vfp11_veneer  0x00000000080042f0        0x0 linker stubs

.v4_bx          0x00000000080042f0        0x0
 .v4_bx         0x00000000080042f0        0x0 linker stubs

.iplt           0x00000000080042f0        0x0
 .iplt          0x00000000080042f0        0x0 /usr/lib/gcc/arm-none-eabi/7.3.1/thumb/v7e-m/fpv4-sp/hard/crtbegin.o

.rodata         0x00000000080042f0      0x160
                0x00000000080042f0                . = ALIGN (0x4)
 *(.rodata)
 .rodata        0x00000000080042f0      0x101 /usr/lib/gcc/arm-none-eabi/7.3.1/../../../arm-none-eabi/lib/thumb/v7e-m/fpv4-sp/hard/libc_nano.a(lib_a-ctype_.o)
                0x00000000080042f0                _ctype_
 *(.rodata*)
 *fill*         0x00000000080043f1        0x3 
 .rodata.get_num.str1.4
                0x00000000080043f4        0x8 build/main.o
 .rodata.z_func.str1.4
                0x00000000080043fc       0x2c build/main.o
                                         0x29 (size before relaxing)
 .rodata.AHBPrescTable
                0x0000000008004428       0x10 build/system_stm32f4xx.o
                0x0000000008004428                AHBPrescTable
 .rodata.APBPrescTable
                0x0000000008004438        0x8 build/system_stm32f4xx.o
                0x0000000008004438                APBPrescTable
 .rodata.flagBitshiftOffset.8779
                0x0000000008004440        0x8 build/stm32f4xx_hal_dma.o
 .rodata.GPIO_PIN
                0x0000000008004448        0x6 build/stm32f4xx_nucleo_144.o
                0x0000000008004448                GPIO_PIN
                0x0000000008004450                . = ALIGN (0x4)
 *fill*         0x000000000800444e        0x2 

.ARM.extab
 *(.ARM.extab* .gnu.linkonce.armextab.*)

.ARM            0x0000000008004450        0x8
                0x0000000008004450                __exidx_start = .
 *(.ARM.exidx*)
 .ARM.exidx     0x0000000008004450        0x8 /usr/lib/gcc/arm-none-eabi/7.3.1/thumb/v7e-m/fpv4-sp/hard/libgcc.a(_udivmoddi4.o)
                0x0000000008004458                __exidx_end = .

.rel.dyn        0x0000000008004458        0x0
 .rel.iplt      0x0000000008004458        0x0 /usr/lib/gcc/arm-none-eabi/7.3.1/thumb/v7e-m/fpv4-sp/hard/crtbegin.o

.preinit_array  0x0000000008004458        0x0
                0x0000000008004458                PROVIDE (__preinit_array_start = .)
 *(.preinit_array*)
                0x0000000008004458                PROVIDE (__preinit_array_end = .)

.init_array     0x0000000008004458        0x4
                0x0000000008004458                PROVIDE (__init_array_start = .)
 *(SORT_BY_NAME(.init_array.*))
 *(.init_array*)
 .init_array    0x0000000008004458        0x4 /usr/lib/gcc/arm-none-eabi/7.3.1/thumb/v7e-m/fpv4-sp/hard/crtbegin.o
                0x000000000800445c                PROVIDE (__init_array_end = .)

.fini_array     0x000000000800445c        0x4
                0x000000000800445c                PROVIDE (__fini_array_start = .)
 *(SORT_BY_NAME(.fini_array.*))
 *(.fini_array*)
 .fini_array    0x000000000800445c        0x4 /usr/lib/gcc/arm-none-eabi/7.3.1/thumb/v7e-m/fpv4-sp/hard/crtbegin.o
                0x0000000008004460                PROVIDE (__fini_array_end = .)
                0x0000000008004460                _sidata = LOADADDR (.data)

.data           0x0000000020000000       0x84 load address 0x0000000008004460
                0x0000000020000000                . = ALIGN (0x4)
                0x0000000020000000                _sdata = .
 *(.data)
 .data          0x0000000020000000       0x64 /usr/lib/gcc/arm-none-eabi/7.3.1/../../../arm-none-eabi/lib/thumb/v7e-m/fpv4-sp/hard/libc_nano.a(lib_a-impure.o)
                0x0000000020000000                _impure_ptr
 *(.data*)
 .data._avgn    0x0000000020000064        0x1 build/main.o
                0x0000000020000064                _avgn
 *fill*         0x0000000020000065        0x1 
 .data._cur_max
                0x0000000020000066        0x2 build/main.o
                0x0000000020000066                _cur_max
 .data._time_on
                0x0000000020000068        0x2 build/main.o
                0x0000000020000068                _time_on
 .data._timestep
                0x000000002000006a        0x1 build/main.o
                0x000000002000006a                _timestep
 *fill*         0x000000002000006b        0x1 
 .data.SystemCoreClock
                0x000000002000006c        0x4 build/system_stm32f4xx.o
                0x000000002000006c                SystemCoreClock
 .data.uwTickFreq
                0x0000000020000070        0x1 build/stm32f4xx_hal.o
                0x0000000020000070                uwTickFreq
 *fill*         0x0000000020000071        0x3 
 .data.uwTickPrio
                0x0000000020000074        0x4 build/stm32f4xx_hal.o
                0x0000000020000074                uwTickPrio
 .data.GPIO_PORT
                0x0000000020000078        0xc build/stm32f4xx_nucleo_144.o
                0x0000000020000078                GPIO_PORT
                0x0000000020000084                . = ALIGN (0x4)
                0x0000000020000084                _edata = .

.tm_clone_table
                0x0000000020000084        0x0 load address 0x00000000080044e4
 .tm_clone_table
                0x0000000020000084        0x0 /usr/lib/gcc/arm-none-eabi/7.3.1/thumb/v7e-m/fpv4-sp/hard/crtbegin.o
 .tm_clone_table
                0x0000000020000084        0x0 /usr/lib/gcc/arm-none-eabi/7.3.1/thumb/v7e-m/fpv4-sp/hard/crtend.o

.igot.plt       0x0000000020000084        0x0 load address 0x00000000080044e4
 .igot.plt      0x0000000020000084        0x0 /usr/lib/gcc/arm-none-eabi/7.3.1/thumb/v7e-m/fpv4-sp/hard/crtbegin.o
                0x0000000020000084                . = ALIGN (0x4)

.bss            0x0000000020000084     0x1714 load address 0x00000000080044e4
                0x0000000020000084                _sbss = .
                0x0000000020000084                __bss_start__ = _sbss
 *(.bss)
 .bss           0x0000000020000084       0x1c /usr/lib/gcc/arm-none-eabi/7.3.1/thumb/v7e-m/fpv4-sp/hard/crtbegin.o
 *(.bss*)
 .bss.ADC_array
                0x00000000200000a0      0x800 build/main.o
 .bss.DAC_array
                0x00000000200008a0      0x800 build/main.o
 .bss.Receive_array
                0x00000000200010a0       0xff build/main.o
 *fill*         0x000000002000119f        0x1 
 .bss.Transmit_array
                0x00000000200011a0      0x400 build/main.o
 .bss._cur_min  0x00000000200015a0        0x2 build/main.o
                0x00000000200015a0                _cur_min
 *(COMMON)
 *fill*         0x00000000200015a2        0x2 
 COMMON         0x00000000200015a4      0x1f0 build/main.o
                0x00000000200015a4                huart3
                0x00000000200015e8                hdma_dac1
                0x0000000020001648                hadc1
                0x0000000020001690                hdac
                0x00000000200016a4                hdma_adc1
                0x0000000020001704                htim1
                0x000000002000174c                htim2
 COMMON         0x0000000020001794        0x4 build/stm32f4xx_hal.o
                0x0000000020001794                uwTick
                0x0000000020001798                . = ALIGN (0x4)
                0x0000000020001798                _ebss = .
                0x0000000020001798                __bss_end__ = _ebss

._user_heap_stack
                0x0000000020001798      0x600 load address 0x00000000080044e4
                0x0000000020001798                . = ALIGN (0x8)
                [!provide]                        PROVIDE (end = .)
                [!provide]                        PROVIDE (_end = .)
                0x0000000020001998                . = (. + _Min_Heap_Size)
 *fill*         0x0000000020001798      0x200 
                0x0000000020001d98                . = (. + _Min_Stack_Size)
 *fill*         0x0000000020001998      0x400 
                0x0000000020001d98                . = ALIGN (0x8)

/DISCARD/
 libc.a(*)
 libm.a(*)
 libgcc.a(*)

.ARM.attributes
                0x0000000000000000       0x30
 *(.ARM.attributes)
 .ARM.attributes
                0x0000000000000000       0x22 /usr/lib/gcc/arm-none-eabi/7.3.1/thumb/v7e-m/fpv4-sp/hard/crti.o
 .ARM.attributes
                0x0000000000000022       0x34 /usr/lib/gcc/arm-none-eabi/7.3.1/thumb/v7e-m/fpv4-sp/hard/crtbegin.o
 .ARM.attributes
                0x0000000000000056       0x39 build/main.o
 .ARM.attributes
                0x000000000000008f       0x39 build/stm32f4xx_it.o
 .ARM.attributes
                0x00000000000000c8       0x39 build/system_stm32f4xx.o
 .ARM.attributes
                0x0000000000000101       0x39 build/stm32f4xx_hal_msp.o
 .ARM.attributes
                0x000000000000013a       0x39 build/stm32f4xx_hal_adc.o
 .ARM.attributes
                0x0000000000000173       0x39 build/stm32f4xx_hal_adc_ex.o
 .ARM.attributes
                0x00000000000001ac       0x39 build/stm32f4xx_hal_rcc.o
 .ARM.attributes
                0x00000000000001e5       0x39 build/stm32f4xx_hal_rcc_ex.o
 .ARM.attributes
                0x000000000000021e       0x39 build/stm32f4xx_hal_gpio.o
 .ARM.attributes
                0x0000000000000257       0x39 build/stm32f4xx_hal_dma.o
 .ARM.attributes
                0x0000000000000290       0x39 build/stm32f4xx_hal_cortex.o
 .ARM.attributes
                0x00000000000002c9       0x39 build/stm32f4xx_hal.o
 .ARM.attributes
                0x0000000000000302       0x39 build/stm32f4xx_hal_dac.o
 .ARM.attributes
                0x000000000000033b       0x39 build/stm32f4xx_hal_dac_ex.o
 .ARM.attributes
                0x0000000000000374       0x39 build/stm32f4xx_hal_tim.o
 .ARM.attributes
                0x00000000000003ad       0x39 build/stm32f4xx_hal_tim_ex.o
 .ARM.attributes
                0x00000000000003e6       0x39 build/stm32f4xx_hal_uart.o
 .ARM.attributes
                0x000000000000041f       0x39 build/stm32f4xx_nucleo_144.o
 .ARM.attributes
                0x0000000000000458       0x21 build/startup_stm32f413xx.o
 .ARM.attributes
                0x0000000000000479       0x34 /usr/lib/gcc/arm-none-eabi/7.3.1/../../../arm-none-eabi/lib/thumb/v7e-m/fpv4-sp/hard/libc_nano.a(lib_a-atoi.o)
 .ARM.attributes
                0x00000000000004ad       0x34 /usr/lib/gcc/arm-none-eabi/7.3.1/../../../arm-none-eabi/lib/thumb/v7e-m/fpv4-sp/hard/libc_nano.a(lib_a-impure.o)
 .ARM.attributes
                0x00000000000004e1       0x34 /usr/lib/gcc/arm-none-eabi/7.3.1/../../../arm-none-eabi/lib/thumb/v7e-m/fpv4-sp/hard/libc_nano.a(lib_a-init.o)
 .ARM.attributes
                0x0000000000000515       0x34 /usr/lib/gcc/arm-none-eabi/7.3.1/../../../arm-none-eabi/lib/thumb/v7e-m/fpv4-sp/hard/libc_nano.a(lib_a-memset.o)
 .ARM.attributes
                0x0000000000000549       0x20 /usr/lib/gcc/arm-none-eabi/7.3.1/../../../arm-none-eabi/lib/thumb/v7e-m/fpv4-sp/hard/libc_nano.a(lib_a-strlen.o)
 .ARM.attributes
                0x0000000000000569       0x34 /usr/lib/gcc/arm-none-eabi/7.3.1/../../../arm-none-eabi/lib/thumb/v7e-m/fpv4-sp/hard/libc_nano.a(lib_a-strstr.o)
 .ARM.attributes
                0x000000000000059d       0x34 /usr/lib/gcc/arm-none-eabi/7.3.1/../../../arm-none-eabi/lib/thumb/v7e-m/fpv4-sp/hard/libc_nano.a(lib_a-strtol.o)
 .ARM.attributes
                0x00000000000005d1       0x34 /usr/lib/gcc/arm-none-eabi/7.3.1/../../../arm-none-eabi/lib/thumb/v7e-m/fpv4-sp/hard/libc_nano.a(lib_a-ctype_.o)
 .ARM.attributes
                0x0000000000000605       0x34 /usr/lib/gcc/arm-none-eabi/7.3.1/../../../arm-none-eabi/lib/thumb/v7e-m/fpv4-sp/hard/libc_nano.a(lib_a-memcmp.o)
 .ARM.attributes
                0x0000000000000639       0x34 /usr/lib/gcc/arm-none-eabi/7.3.1/../../../arm-none-eabi/lib/thumb/v7e-m/fpv4-sp/hard/libc_nano.a(lib_a-strchr.o)
 .ARM.attributes
                0x000000000000066d       0x34 /usr/lib/gcc/arm-none-eabi/7.3.1/../../../arm-none-eabi/lib/thumb/v7e-m/fpv4-sp/hard/libc_nano.a(lib_a-strnlen.o)
 .ARM.attributes
                0x00000000000006a1       0x22 /usr/lib/gcc/arm-none-eabi/7.3.1/thumb/v7e-m/fpv4-sp/hard/libgcc.a(_arm_addsubdf3.o)
 .ARM.attributes
                0x00000000000006c3       0x22 /usr/lib/gcc/arm-none-eabi/7.3.1/thumb/v7e-m/fpv4-sp/hard/libgcc.a(_arm_muldivdf3.o)
 .ARM.attributes
                0x00000000000006e5       0x22 /usr/lib/gcc/arm-none-eabi/7.3.1/thumb/v7e-m/fpv4-sp/hard/libgcc.a(_arm_fixunsdfsi.o)
 .ARM.attributes
                0x0000000000000707       0x22 /usr/lib/gcc/arm-none-eabi/7.3.1/thumb/v7e-m/fpv4-sp/hard/libgcc.a(_aeabi_uldivmod.o)
 .ARM.attributes
                0x0000000000000729       0x34 /usr/lib/gcc/arm-none-eabi/7.3.1/thumb/v7e-m/fpv4-sp/hard/libgcc.a(_udivmoddi4.o)
 .ARM.attributes
                0x000000000000075d       0x22 /usr/lib/gcc/arm-none-eabi/7.3.1/thumb/v7e-m/fpv4-sp/hard/libgcc.a(_dvmd_tls.o)
 .ARM.attributes
                0x000000000000077f       0x34 /usr/lib/gcc/arm-none-eabi/7.3.1/thumb/v7e-m/fpv4-sp/hard/crtend.o
 .ARM.attributes
                0x00000000000007b3       0x22 /usr/lib/gcc/arm-none-eabi/7.3.1/thumb/v7e-m/fpv4-sp/hard/crtn.o
OUTPUT(build/F413.elf elf32-littlearm)

.comment        0x0000000000000000       0xae
 .comment       0x0000000000000000       0x57 /usr/lib/gcc/arm-none-eabi/7.3.1/thumb/v7e-m/fpv4-sp/hard/crtbegin.o
                                         0x58 (size before relaxing)
 .comment       0x0000000000000057       0x58 build/main.o
 .comment       0x0000000000000057       0x58 build/stm32f4xx_it.o
 .comment       0x0000000000000057       0x58 build/system_stm32f4xx.o
 .comment       0x0000000000000057       0x58 build/stm32f4xx_hal_msp.o
 .comment       0x0000000000000057       0x58 build/stm32f4xx_hal_adc.o
 .comment       0x0000000000000057       0x58 build/stm32f4xx_hal_adc_ex.o
 .comment       0x0000000000000057       0x58 build/stm32f4xx_hal_rcc.o
 .comment       0x0000000000000057       0x58 build/stm32f4xx_hal_rcc_ex.o
 .comment       0x0000000000000057       0x58 build/stm32f4xx_hal_gpio.o
 .comment       0x0000000000000057       0x58 build/stm32f4xx_hal_dma.o
 .comment       0x0000000000000057       0x58 build/stm32f4xx_hal_cortex.o
 .comment       0x0000000000000057       0x58 build/stm32f4xx_hal.o
 .comment       0x0000000000000057       0x58 build/stm32f4xx_hal_dac.o
 .comment       0x0000000000000057       0x58 build/stm32f4xx_hal_dac_ex.o
 .comment       0x0000000000000057       0x58 build/stm32f4xx_hal_tim.o
 .comment       0x0000000000000057       0x58 build/stm32f4xx_hal_tim_ex.o
 .comment       0x0000000000000057       0x58 build/stm32f4xx_hal_uart.o
 .comment       0x0000000000000057       0x58 build/stm32f4xx_nucleo_144.o
 .comment       0x0000000000000057       0x57 /usr/lib/gcc/arm-none-eabi/7.3.1/../../../arm-none-eabi/lib/thumb/v7e-m/fpv4-sp/hard/libc_nano.a(lib_a-atoi.o)
                                         0x58 (size before relaxing)
 .comment       0x00000000000000ae       0x58 /usr/lib/gcc/arm-none-eabi/7.3.1/../../../arm-none-eabi/lib/thumb/v7e-m/fpv4-sp/hard/libc_nano.a(lib_a-impure.o)
 .comment       0x00000000000000ae       0x58 /usr/lib/gcc/arm-none-eabi/7.3.1/../../../arm-none-eabi/lib/thumb/v7e-m/fpv4-sp/hard/libc_nano.a(lib_a-init.o)
 .comment       0x00000000000000ae       0x58 /usr/lib/gcc/arm-none-eabi/7.3.1/../../../arm-none-eabi/lib/thumb/v7e-m/fpv4-sp/hard/libc_nano.a(lib_a-memset.o)
 .comment       0x00000000000000ae       0x58 /usr/lib/gcc/arm-none-eabi/7.3.1/../../../arm-none-eabi/lib/thumb/v7e-m/fpv4-sp/hard/libc_nano.a(lib_a-strstr.o)
 .comment       0x00000000000000ae       0x58 /usr/lib/gcc/arm-none-eabi/7.3.1/../../../arm-none-eabi/lib/thumb/v7e-m/fpv4-sp/hard/libc_nano.a(lib_a-strtol.o)
 .comment       0x00000000000000ae       0x58 /usr/lib/gcc/arm-none-eabi/7.3.1/../../../arm-none-eabi/lib/thumb/v7e-m/fpv4-sp/hard/libc_nano.a(lib_a-ctype_.o)
 .comment       0x00000000000000ae       0x58 /usr/lib/gcc/arm-none-eabi/7.3.1/../../../arm-none-eabi/lib/thumb/v7e-m/fpv4-sp/hard/libc_nano.a(lib_a-memcmp.o)
 .comment       0x00000000000000ae       0x58 /usr/lib/gcc/arm-none-eabi/7.3.1/../../../arm-none-eabi/lib/thumb/v7e-m/fpv4-sp/hard/libc_nano.a(lib_a-strchr.o)
 .comment       0x00000000000000ae       0x58 /usr/lib/gcc/arm-none-eabi/7.3.1/../../../arm-none-eabi/lib/thumb/v7e-m/fpv4-sp/hard/libc_nano.a(lib_a-strnlen.o)
 .comment       0x00000000000000ae       0x58 /usr/lib/gcc/arm-none-eabi/7.3.1/thumb/v7e-m/fpv4-sp/hard/libgcc.a(_udivmoddi4.o)
 .comment       0x00000000000000ae       0x58 /usr/lib/gcc/arm-none-eabi/7.3.1/thumb/v7e-m/fpv4-sp/hard/crtend.o

.debug_info     0x0000000000000000    0x206fe
 .debug_info    0x0000000000000000     0x3010 build/main.o
 .debug_info    0x0000000000003010     0x172d build/stm32f4xx_it.o
 .debug_info    0x000000000000473d      0x618 build/system_stm32f4xx.o
 .debug_info    0x0000000000004d55     0x22b8 build/stm32f4xx_hal_msp.o
 .debug_info    0x000000000000700d      0xf44 build/stm32f4xx_hal_adc.o
 .debug_info    0x0000000000007f51      0xd47 build/stm32f4xx_hal_adc_ex.o
 .debug_info    0x0000000000008c98      0xbc5 build/stm32f4xx_hal_rcc.o
 .debug_info    0x000000000000985d      0xb3c build/stm32f4xx_hal_rcc_ex.o
 .debug_info    0x000000000000a399      0x8ee build/stm32f4xx_hal_gpio.o
 .debug_info    0x000000000000ac87      0xb46 build/stm32f4xx_hal_dma.o
 .debug_info    0x000000000000b7cd     0x10c0 build/stm32f4xx_hal_cortex.o
 .debug_info    0x000000000000c88d      0xb60 build/stm32f4xx_hal.o
 .debug_info    0x000000000000d3ed      0xbf8 build/stm32f4xx_hal_dac.o
 .debug_info    0x000000000000dfe5      0x913 build/stm32f4xx_hal_dac_ex.o
 .debug_info    0x000000000000e8f8     0x3a4e build/stm32f4xx_hal_tim.o
 .debug_info    0x0000000000012346     0x1cee build/stm32f4xx_hal_tim_ex.o
 .debug_info    0x0000000000014034     0x3acb build/stm32f4xx_hal_uart.o
 .debug_info    0x0000000000017aff     0x1511 build/stm32f4xx_nucleo_144.o
 .debug_info    0x0000000000019010       0x22 build/startup_stm32f413xx.o
 .debug_info    0x0000000000019032      0x940 /usr/lib/gcc/arm-none-eabi/7.3.1/../../../arm-none-eabi/lib/thumb/v7e-m/fpv4-sp/hard/libc_nano.a(lib_a-atoi.o)
 .debug_info    0x0000000000019972      0x8a4 /usr/lib/gcc/arm-none-eabi/7.3.1/../../../arm-none-eabi/lib/thumb/v7e-m/fpv4-sp/hard/libc_nano.a(lib_a-impure.o)
 .debug_info    0x000000000001a216      0x109 /usr/lib/gcc/arm-none-eabi/7.3.1/../../../arm-none-eabi/lib/thumb/v7e-m/fpv4-sp/hard/libc_nano.a(lib_a-init.o)
 .debug_info    0x000000000001a31f      0xe1d /usr/lib/gcc/arm-none-eabi/7.3.1/../../../arm-none-eabi/lib/thumb/v7e-m/fpv4-sp/hard/libc_nano.a(lib_a-memset.o)
 .debug_info    0x000000000001b13c       0x26 /usr/lib/gcc/arm-none-eabi/7.3.1/../../../arm-none-eabi/lib/thumb/v7e-m/fpv4-sp/hard/libc_nano.a(lib_a-strlen.o)
 .debug_info    0x000000000001b162      0xe98 /usr/lib/gcc/arm-none-eabi/7.3.1/../../../arm-none-eabi/lib/thumb/v7e-m/fpv4-sp/hard/libc_nano.a(lib_a-strstr.o)
 .debug_info    0x000000000001bffa     0x1091 /usr/lib/gcc/arm-none-eabi/7.3.1/../../../arm-none-eabi/lib/thumb/v7e-m/fpv4-sp/hard/libc_nano.a(lib_a-strtol.o)
 .debug_info    0x000000000001d08b      0xdb1 /usr/lib/gcc/arm-none-eabi/7.3.1/../../../arm-none-eabi/lib/thumb/v7e-m/fpv4-sp/hard/libc_nano.a(lib_a-ctype_.o)
 .debug_info    0x000000000001de3c      0x918 /usr/lib/gcc/arm-none-eabi/7.3.1/../../../arm-none-eabi/lib/thumb/v7e-m/fpv4-sp/hard/libc_nano.a(lib_a-memcmp.o)
 .debug_info    0x000000000001e754      0x910 /usr/lib/gcc/arm-none-eabi/7.3.1/../../../arm-none-eabi/lib/thumb/v7e-m/fpv4-sp/hard/libc_nano.a(lib_a-strchr.o)
 .debug_info    0x000000000001f064      0x8d1 /usr/lib/gcc/arm-none-eabi/7.3.1/../../../arm-none-eabi/lib/thumb/v7e-m/fpv4-sp/hard/libc_nano.a(lib_a-strnlen.o)
 .debug_info    0x000000000001f935       0x26 /usr/lib/gcc/arm-none-eabi/7.3.1/thumb/v7e-m/fpv4-sp/hard/libgcc.a(_arm_addsubdf3.o)
 .debug_info    0x000000000001f95b       0x26 /usr/lib/gcc/arm-none-eabi/7.3.1/thumb/v7e-m/fpv4-sp/hard/libgcc.a(_arm_muldivdf3.o)
 .debug_info    0x000000000001f981       0x26 /usr/lib/gcc/arm-none-eabi/7.3.1/thumb/v7e-m/fpv4-sp/hard/libgcc.a(_arm_fixunsdfsi.o)
 .debug_info    0x000000000001f9a7       0x26 /usr/lib/gcc/arm-none-eabi/7.3.1/thumb/v7e-m/fpv4-sp/hard/libgcc.a(_aeabi_uldivmod.o)
 .debug_info    0x000000000001f9cd      0xd0b /usr/lib/gcc/arm-none-eabi/7.3.1/thumb/v7e-m/fpv4-sp/hard/libgcc.a(_udivmoddi4.o)
 .debug_info    0x00000000000206d8       0x26 /usr/lib/gcc/arm-none-eabi/7.3.1/thumb/v7e-m/fpv4-sp/hard/libgcc.a(_dvmd_tls.o)

.debug_abbrev   0x0000000000000000     0x3f86
 .debug_abbrev  0x0000000000000000      0x3c7 build/main.o
 .debug_abbrev  0x00000000000003c7      0x22f build/stm32f4xx_it.o
 .debug_abbrev  0x00000000000005f6      0x12a build/system_stm32f4xx.o
 .debug_abbrev  0x0000000000000720      0x294 build/stm32f4xx_hal_msp.o
 .debug_abbrev  0x00000000000009b4      0x291 build/stm32f4xx_hal_adc.o
 .debug_abbrev  0x0000000000000c45      0x28e build/stm32f4xx_hal_adc_ex.o
 .debug_abbrev  0x0000000000000ed3      0x28d build/stm32f4xx_hal_rcc.o
 .debug_abbrev  0x0000000000001160      0x1c9 build/stm32f4xx_hal_rcc_ex.o
 .debug_abbrev  0x0000000000001329      0x21c build/stm32f4xx_hal_gpio.o
 .debug_abbrev  0x0000000000001545      0x2ac build/stm32f4xx_hal_dma.o
 .debug_abbrev  0x00000000000017f1      0x33d build/stm32f4xx_hal_cortex.o
 .debug_abbrev  0x0000000000001b2e      0x1ed build/stm32f4xx_hal.o
 .debug_abbrev  0x0000000000001d1b      0x222 build/stm32f4xx_hal_dac.o
 .debug_abbrev  0x0000000000001f3d      0x245 build/stm32f4xx_hal_dac_ex.o
 .debug_abbrev  0x0000000000002182      0x283 build/stm32f4xx_hal_tim.o
 .debug_abbrev  0x0000000000002405      0x294 build/stm32f4xx_hal_tim_ex.o
 .debug_abbrev  0x0000000000002699      0x355 build/stm32f4xx_hal_uart.o
 .debug_abbrev  0x00000000000029ee      0x295 build/stm32f4xx_nucleo_144.o
 .debug_abbrev  0x0000000000002c83       0x12 build/startup_stm32f413xx.o
 .debug_abbrev  0x0000000000002c95      0x1af /usr/lib/gcc/arm-none-eabi/7.3.1/../../../arm-none-eabi/lib/thumb/v7e-m/fpv4-sp/hard/libc_nano.a(lib_a-atoi.o)
 .debug_abbrev  0x0000000000002e44      0x15c /usr/lib/gcc/arm-none-eabi/7.3.1/../../../arm-none-eabi/lib/thumb/v7e-m/fpv4-sp/hard/libc_nano.a(lib_a-impure.o)
 .debug_abbrev  0x0000000000002fa0       0xba /usr/lib/gcc/arm-none-eabi/7.3.1/../../../arm-none-eabi/lib/thumb/v7e-m/fpv4-sp/hard/libc_nano.a(lib_a-init.o)
 .debug_abbrev  0x000000000000305a      0x1a8 /usr/lib/gcc/arm-none-eabi/7.3.1/../../../arm-none-eabi/lib/thumb/v7e-m/fpv4-sp/hard/libc_nano.a(lib_a-memset.o)
 .debug_abbrev  0x0000000000003202       0x14 /usr/lib/gcc/arm-none-eabi/7.3.1/../../../arm-none-eabi/lib/thumb/v7e-m/fpv4-sp/hard/libc_nano.a(lib_a-strlen.o)
 .debug_abbrev  0x0000000000003216      0x31b /usr/lib/gcc/arm-none-eabi/7.3.1/../../../arm-none-eabi/lib/thumb/v7e-m/fpv4-sp/hard/libc_nano.a(lib_a-strstr.o)
 .debug_abbrev  0x0000000000003531      0x266 /usr/lib/gcc/arm-none-eabi/7.3.1/../../../arm-none-eabi/lib/thumb/v7e-m/fpv4-sp/hard/libc_nano.a(lib_a-strtol.o)
 .debug_abbrev  0x0000000000003797      0x15a /usr/lib/gcc/arm-none-eabi/7.3.1/../../../arm-none-eabi/lib/thumb/v7e-m/fpv4-sp/hard/libc_nano.a(lib_a-ctype_.o)
 .debug_abbrev  0x00000000000038f1      0x187 /usr/lib/gcc/arm-none-eabi/7.3.1/../../../arm-none-eabi/lib/thumb/v7e-m/fpv4-sp/hard/libc_nano.a(lib_a-memcmp.o)
 .debug_abbrev  0x0000000000003a78      0x191 /usr/lib/gcc/arm-none-eabi/7.3.1/../../../arm-none-eabi/lib/thumb/v7e-m/fpv4-sp/hard/libc_nano.a(lib_a-strchr.o)
 .debug_abbrev  0x0000000000003c09      0x180 /usr/lib/gcc/arm-none-eabi/7.3.1/../../../arm-none-eabi/lib/thumb/v7e-m/fpv4-sp/hard/libc_nano.a(lib_a-strnlen.o)
 .debug_abbrev  0x0000000000003d89       0x14 /usr/lib/gcc/arm-none-eabi/7.3.1/thumb/v7e-m/fpv4-sp/hard/libgcc.a(_arm_addsubdf3.o)
 .debug_abbrev  0x0000000000003d9d       0x14 /usr/lib/gcc/arm-none-eabi/7.3.1/thumb/v7e-m/fpv4-sp/hard/libgcc.a(_arm_muldivdf3.o)
 .debug_abbrev  0x0000000000003db1       0x14 /usr/lib/gcc/arm-none-eabi/7.3.1/thumb/v7e-m/fpv4-sp/hard/libgcc.a(_arm_fixunsdfsi.o)
 .debug_abbrev  0x0000000000003dc5       0x14 /usr/lib/gcc/arm-none-eabi/7.3.1/thumb/v7e-m/fpv4-sp/hard/libgcc.a(_aeabi_uldivmod.o)
 .debug_abbrev  0x0000000000003dd9      0x199 /usr/lib/gcc/arm-none-eabi/7.3.1/thumb/v7e-m/fpv4-sp/hard/libgcc.a(_udivmoddi4.o)
 .debug_abbrev  0x0000000000003f72       0x14 /usr/lib/gcc/arm-none-eabi/7.3.1/thumb/v7e-m/fpv4-sp/hard/libgcc.a(_dvmd_tls.o)

.debug_loc      0x0000000000000000    0x13413
 .debug_loc     0x0000000000000000      0x720 build/main.o
 .debug_loc     0x0000000000000720      0x140 build/stm32f4xx_it.o
 .debug_loc     0x0000000000000860      0x13e build/system_stm32f4xx.o
 .debug_loc     0x000000000000099e      0x39c build/stm32f4xx_hal_msp.o
 .debug_loc     0x0000000000000d3a      0xc3d build/stm32f4xx_hal_adc.o
 .debug_loc     0x0000000000001977      0xb48 build/stm32f4xx_hal_adc_ex.o
 .debug_loc     0x00000000000024bf      0x573 build/stm32f4xx_hal_rcc.o
 .debug_loc     0x0000000000002a32      0x8eb build/stm32f4xx_hal_rcc_ex.o
 .debug_loc     0x000000000000331d      0x53d build/stm32f4xx_hal_gpio.o
 .debug_loc     0x000000000000385a      0xc96 build/stm32f4xx_hal_dma.o
 .debug_loc     0x00000000000044f0      0x65e build/stm32f4xx_hal_cortex.o
 .debug_loc     0x0000000000004b4e      0x1bb build/stm32f4xx_hal.o
 .debug_loc     0x0000000000004d09      0x8d2 build/stm32f4xx_hal_dac.o
 .debug_loc     0x00000000000055db      0x498 build/stm32f4xx_hal_dac_ex.o
 .debug_loc     0x0000000000005a73     0x56d4 build/stm32f4xx_hal_tim.o
 .debug_loc     0x000000000000b147     0x2040 build/stm32f4xx_hal_tim_ex.o
 .debug_loc     0x000000000000d187     0x3987 build/stm32f4xx_hal_uart.o
 .debug_loc     0x0000000000010b0e      0x448 build/stm32f4xx_nucleo_144.o
 .debug_loc     0x0000000000010f56       0x63 /usr/lib/gcc/arm-none-eabi/7.3.1/../../../arm-none-eabi/lib/thumb/v7e-m/fpv4-sp/hard/libc_nano.a(lib_a-atoi.o)
 .debug_loc     0x0000000000010fb9       0xa2 /usr/lib/gcc/arm-none-eabi/7.3.1/../../../arm-none-eabi/lib/thumb/v7e-m/fpv4-sp/hard/libc_nano.a(lib_a-init.o)
 .debug_loc     0x000000000001105b      0x175 /usr/lib/gcc/arm-none-eabi/7.3.1/../../../arm-none-eabi/lib/thumb/v7e-m/fpv4-sp/hard/libc_nano.a(lib_a-memset.o)
 .debug_loc     0x00000000000111d0      0xac5 /usr/lib/gcc/arm-none-eabi/7.3.1/../../../arm-none-eabi/lib/thumb/v7e-m/fpv4-sp/hard/libc_nano.a(lib_a-strstr.o)
 .debug_loc     0x0000000000011c95      0x411 /usr/lib/gcc/arm-none-eabi/7.3.1/../../../arm-none-eabi/lib/thumb/v7e-m/fpv4-sp/hard/libc_nano.a(lib_a-strtol.o)
 .debug_loc     0x00000000000120a6      0x157 /usr/lib/gcc/arm-none-eabi/7.3.1/../../../arm-none-eabi/lib/thumb/v7e-m/fpv4-sp/hard/libc_nano.a(lib_a-memcmp.o)
 .debug_loc     0x00000000000121fd      0x235 /usr/lib/gcc/arm-none-eabi/7.3.1/../../../arm-none-eabi/lib/thumb/v7e-m/fpv4-sp/hard/libc_nano.a(lib_a-strchr.o)
 .debug_loc     0x0000000000012432      0x196 /usr/lib/gcc/arm-none-eabi/7.3.1/../../../arm-none-eabi/lib/thumb/v7e-m/fpv4-sp/hard/libc_nano.a(lib_a-strnlen.o)
 .debug_loc     0x00000000000125c8      0xe4b /usr/lib/gcc/arm-none-eabi/7.3.1/thumb/v7e-m/fpv4-sp/hard/libgcc.a(_udivmoddi4.o)

.debug_aranges  0x0000000000000000     0x1218
 .debug_aranges
                0x0000000000000000       0xc0 build/main.o
 .debug_aranges
                0x00000000000000c0       0xa8 build/stm32f4xx_it.o
 .debug_aranges
                0x0000000000000168       0x28 build/system_stm32f4xx.o
 .debug_aranges
                0x0000000000000190       0x60 build/stm32f4xx_hal_msp.o
 .debug_aranges
                0x00000000000001f0       0xe8 build/stm32f4xx_hal_adc.o
 .debug_aranges
                0x00000000000002d8       0x90 build/stm32f4xx_hal_adc_ex.o
 .debug_aranges
                0x0000000000000368       0x88 build/stm32f4xx_hal_rcc.o
 .debug_aranges
                0x00000000000003f0       0x60 build/stm32f4xx_hal_rcc_ex.o
 .debug_aranges
                0x0000000000000450       0x58 build/stm32f4xx_hal_gpio.o
 .debug_aranges
                0x00000000000004a8       0x90 build/stm32f4xx_hal_dma.o
 .debug_aranges
                0x0000000000000538       0xa8 build/stm32f4xx_hal_cortex.o
 .debug_aranges
                0x00000000000005e0       0xf0 build/stm32f4xx_hal.o
 .debug_aranges
                0x00000000000006d0       0xc0 build/stm32f4xx_hal_dac.o
 .debug_aranges
                0x0000000000000790       0x80 build/stm32f4xx_hal_dac_ex.o
 .debug_aranges
                0x0000000000000810      0x3d0 build/stm32f4xx_hal_tim.o
 .debug_aranges
                0x0000000000000be0      0x168 build/stm32f4xx_hal_tim_ex.o
 .debug_aranges
                0x0000000000000d48      0x200 build/stm32f4xx_hal_uart.o
 .debug_aranges
                0x0000000000000f48       0x98 build/stm32f4xx_nucleo_144.o
 .debug_aranges
                0x0000000000000fe0       0x28 build/startup_stm32f413xx.o
 .debug_aranges
                0x0000000000001008       0x20 /usr/lib/gcc/arm-none-eabi/7.3.1/../../../arm-none-eabi/lib/thumb/v7e-m/fpv4-sp/hard/libc_nano.a(lib_a-atoi.o)
 .debug_aranges
                0x0000000000001028       0x18 /usr/lib/gcc/arm-none-eabi/7.3.1/../../../arm-none-eabi/lib/thumb/v7e-m/fpv4-sp/hard/libc_nano.a(lib_a-impure.o)
 .debug_aranges
                0x0000000000001040       0x20 /usr/lib/gcc/arm-none-eabi/7.3.1/../../../arm-none-eabi/lib/thumb/v7e-m/fpv4-sp/hard/libc_nano.a(lib_a-init.o)
 .debug_aranges
                0x0000000000001060       0x20 /usr/lib/gcc/arm-none-eabi/7.3.1/../../../arm-none-eabi/lib/thumb/v7e-m/fpv4-sp/hard/libc_nano.a(lib_a-memset.o)
 .debug_aranges
                0x0000000000001080       0x20 /usr/lib/gcc/arm-none-eabi/7.3.1/../../../arm-none-eabi/lib/thumb/v7e-m/fpv4-sp/hard/libc_nano.a(lib_a-strlen.o)
 .debug_aranges
                0x00000000000010a0       0x20 /usr/lib/gcc/arm-none-eabi/7.3.1/../../../arm-none-eabi/lib/thumb/v7e-m/fpv4-sp/hard/libc_nano.a(lib_a-strstr.o)
 .debug_aranges
                0x00000000000010c0       0x20 /usr/lib/gcc/arm-none-eabi/7.3.1/../../../arm-none-eabi/lib/thumb/v7e-m/fpv4-sp/hard/libc_nano.a(lib_a-strtol.o)
 .debug_aranges
                0x00000000000010e0       0x18 /usr/lib/gcc/arm-none-eabi/7.3.1/../../../arm-none-eabi/lib/thumb/v7e-m/fpv4-sp/hard/libc_nano.a(lib_a-ctype_.o)
 .debug_aranges
                0x00000000000010f8       0x20 /usr/lib/gcc/arm-none-eabi/7.3.1/../../../arm-none-eabi/lib/thumb/v7e-m/fpv4-sp/hard/libc_nano.a(lib_a-memcmp.o)
 .debug_aranges
                0x0000000000001118       0x20 /usr/lib/gcc/arm-none-eabi/7.3.1/../../../arm-none-eabi/lib/thumb/v7e-m/fpv4-sp/hard/libc_nano.a(lib_a-strchr.o)
 .debug_aranges
                0x0000000000001138       0x20 /usr/lib/gcc/arm-none-eabi/7.3.1/../../../arm-none-eabi/lib/thumb/v7e-m/fpv4-sp/hard/libc_nano.a(lib_a-strnlen.o)
 .debug_aranges
                0x0000000000001158       0x20 /usr/lib/gcc/arm-none-eabi/7.3.1/thumb/v7e-m/fpv4-sp/hard/libgcc.a(_arm_addsubdf3.o)
 .debug_aranges
                0x0000000000001178       0x20 /usr/lib/gcc/arm-none-eabi/7.3.1/thumb/v7e-m/fpv4-sp/hard/libgcc.a(_arm_muldivdf3.o)
 .debug_aranges
                0x0000000000001198       0x20 /usr/lib/gcc/arm-none-eabi/7.3.1/thumb/v7e-m/fpv4-sp/hard/libgcc.a(_arm_fixunsdfsi.o)
 .debug_aranges
                0x00000000000011b8       0x20 /usr/lib/gcc/arm-none-eabi/7.3.1/thumb/v7e-m/fpv4-sp/hard/libgcc.a(_aeabi_uldivmod.o)
 .debug_aranges
                0x00000000000011d8       0x20 /usr/lib/gcc/arm-none-eabi/7.3.1/thumb/v7e-m/fpv4-sp/hard/libgcc.a(_udivmoddi4.o)
 .debug_aranges
                0x00000000000011f8       0x20 /usr/lib/gcc/arm-none-eabi/7.3.1/thumb/v7e-m/fpv4-sp/hard/libgcc.a(_dvmd_tls.o)

.debug_ranges   0x0000000000000000     0x1140
 .debug_ranges  0x0000000000000000       0xb0 build/main.o
 .debug_ranges  0x00000000000000b0       0x98 build/stm32f4xx_it.o
 .debug_ranges  0x0000000000000148       0x18 build/system_stm32f4xx.o
 .debug_ranges  0x0000000000000160       0x50 build/stm32f4xx_hal_msp.o
 .debug_ranges  0x00000000000001b0       0xd8 build/stm32f4xx_hal_adc.o
 .debug_ranges  0x0000000000000288       0x80 build/stm32f4xx_hal_adc_ex.o
 .debug_ranges  0x0000000000000308       0x90 build/stm32f4xx_hal_rcc.o
 .debug_ranges  0x0000000000000398       0x68 build/stm32f4xx_hal_rcc_ex.o
 .debug_ranges  0x0000000000000400       0x48 build/stm32f4xx_hal_gpio.o
 .debug_ranges  0x0000000000000448       0x80 build/stm32f4xx_hal_dma.o
 .debug_ranges  0x00000000000004c8       0xf8 build/stm32f4xx_hal_cortex.o
 .debug_ranges  0x00000000000005c0       0xe0 build/stm32f4xx_hal.o
 .debug_ranges  0x00000000000006a0       0xb0 build/stm32f4xx_hal_dac.o
 .debug_ranges  0x0000000000000750       0x70 build/stm32f4xx_hal_dac_ex.o
 .debug_ranges  0x00000000000007c0      0x3c0 build/stm32f4xx_hal_tim.o
 .debug_ranges  0x0000000000000b80      0x158 build/stm32f4xx_hal_tim_ex.o
 .debug_ranges  0x0000000000000cd8      0x208 build/stm32f4xx_hal_uart.o
 .debug_ranges  0x0000000000000ee0       0x88 build/stm32f4xx_nucleo_144.o
 .debug_ranges  0x0000000000000f68       0x20 build/startup_stm32f413xx.o
 .debug_ranges  0x0000000000000f88       0xc8 /usr/lib/gcc/arm-none-eabi/7.3.1/../../../arm-none-eabi/lib/thumb/v7e-m/fpv4-sp/hard/libc_nano.a(lib_a-strstr.o)
 .debug_ranges  0x0000000000001050       0x10 /usr/lib/gcc/arm-none-eabi/7.3.1/../../../arm-none-eabi/lib/thumb/v7e-m/fpv4-sp/hard/libc_nano.a(lib_a-strnlen.o)
 .debug_ranges  0x0000000000001060       0xe0 /usr/lib/gcc/arm-none-eabi/7.3.1/thumb/v7e-m/fpv4-sp/hard/libgcc.a(_udivmoddi4.o)

.debug_line     0x0000000000000000     0x985e
 .debug_line    0x0000000000000000      0x61a build/main.o
 .debug_line    0x000000000000061a      0x365 build/stm32f4xx_it.o
 .debug_line    0x000000000000097f      0x178 build/system_stm32f4xx.o
 .debug_line    0x0000000000000af7      0x3b0 build/stm32f4xx_hal_msp.o
 .debug_line    0x0000000000000ea7      0x680 build/stm32f4xx_hal_adc.o
 .debug_line    0x0000000000001527      0x529 build/stm32f4xx_hal_adc_ex.o
 .debug_line    0x0000000000001a50      0x468 build/stm32f4xx_hal_rcc.o
 .debug_line    0x0000000000001eb8      0x524 build/stm32f4xx_hal_rcc_ex.o
 .debug_line    0x00000000000023dc      0x308 build/stm32f4xx_hal_gpio.o
 .debug_line    0x00000000000026e4      0x4bb build/stm32f4xx_hal_dma.o
 .debug_line    0x0000000000002b9f      0x3e0 build/stm32f4xx_hal_cortex.o
 .debug_line    0x0000000000002f7f      0x396 build/stm32f4xx_hal.o
 .debug_line    0x0000000000003315      0x43e build/stm32f4xx_hal_dac.o
 .debug_line    0x0000000000003753      0x322 build/stm32f4xx_hal_dac_ex.o
 .debug_line    0x0000000000003a75     0x1eed build/stm32f4xx_hal_tim.o
 .debug_line    0x0000000000005962      0xe1b build/stm32f4xx_hal_tim_ex.o
 .debug_line    0x000000000000677d     0x1701 build/stm32f4xx_hal_uart.o
 .debug_line    0x0000000000007e7e      0x367 build/stm32f4xx_nucleo_144.o
 .debug_line    0x00000000000081e5       0x76 build/startup_stm32f413xx.o
 .debug_line    0x000000000000825b      0x121 /usr/lib/gcc/arm-none-eabi/7.3.1/../../../arm-none-eabi/lib/thumb/v7e-m/fpv4-sp/hard/libc_nano.a(lib_a-atoi.o)
 .debug_line    0x000000000000837c       0xda /usr/lib/gcc/arm-none-eabi/7.3.1/../../../arm-none-eabi/lib/thumb/v7e-m/fpv4-sp/hard/libc_nano.a(lib_a-impure.o)
 .debug_line    0x0000000000008456       0xbf /usr/lib/gcc/arm-none-eabi/7.3.1/../../../arm-none-eabi/lib/thumb/v7e-m/fpv4-sp/hard/libc_nano.a(lib_a-init.o)
 .debug_line    0x0000000000008515      0x1c4 /usr/lib/gcc/arm-none-eabi/7.3.1/../../../arm-none-eabi/lib/thumb/v7e-m/fpv4-sp/hard/libc_nano.a(lib_a-memset.o)
 .debug_line    0x00000000000086d9       0xb2 /usr/lib/gcc/arm-none-eabi/7.3.1/../../../arm-none-eabi/lib/thumb/v7e-m/fpv4-sp/hard/libc_nano.a(lib_a-strlen.o)
 .debug_line    0x000000000000878b      0x304 /usr/lib/gcc/arm-none-eabi/7.3.1/../../../arm-none-eabi/lib/thumb/v7e-m/fpv4-sp/hard/libc_nano.a(lib_a-strstr.o)
 .debug_line    0x0000000000008a8f      0x1fd /usr/lib/gcc/arm-none-eabi/7.3.1/../../../arm-none-eabi/lib/thumb/v7e-m/fpv4-sp/hard/libc_nano.a(lib_a-strtol.o)
 .debug_line    0x0000000000008c8c      0x13f /usr/lib/gcc/arm-none-eabi/7.3.1/../../../arm-none-eabi/lib/thumb/v7e-m/fpv4-sp/hard/libc_nano.a(lib_a-ctype_.o)
 .debug_line    0x0000000000008dcb      0x144 /usr/lib/gcc/arm-none-eabi/7.3.1/../../../arm-none-eabi/lib/thumb/v7e-m/fpv4-sp/hard/libc_nano.a(lib_a-memcmp.o)
 .debug_line    0x0000000000008f0f      0x155 /usr/lib/gcc/arm-none-eabi/7.3.1/../../../arm-none-eabi/lib/thumb/v7e-m/fpv4-sp/hard/libc_nano.a(lib_a-strchr.o)
 .debug_line    0x0000000000009064      0x12f /usr/lib/gcc/arm-none-eabi/7.3.1/../../../arm-none-eabi/lib/thumb/v7e-m/fpv4-sp/hard/libc_nano.a(lib_a-strnlen.o)
 .debug_line    0x0000000000009193      0x188 /usr/lib/gcc/arm-none-eabi/7.3.1/thumb/v7e-m/fpv4-sp/hard/libgcc.a(_arm_addsubdf3.o)
 .debug_line    0x000000000000931b      0x1a1 /usr/lib/gcc/arm-none-eabi/7.3.1/thumb/v7e-m/fpv4-sp/hard/libgcc.a(_arm_muldivdf3.o)
 .debug_line    0x00000000000094bc       0x78 /usr/lib/gcc/arm-none-eabi/7.3.1/thumb/v7e-m/fpv4-sp/hard/libgcc.a(_arm_fixunsdfsi.o)
 .debug_line    0x0000000000009534       0x63 /usr/lib/gcc/arm-none-eabi/7.3.1/thumb/v7e-m/fpv4-sp/hard/libgcc.a(_aeabi_uldivmod.o)
 .debug_line    0x0000000000009597      0x264 /usr/lib/gcc/arm-none-eabi/7.3.1/thumb/v7e-m/fpv4-sp/hard/libgcc.a(_udivmoddi4.o)
 .debug_line    0x00000000000097fb       0x63 /usr/lib/gcc/arm-none-eabi/7.3.1/thumb/v7e-m/fpv4-sp/hard/libgcc.a(_dvmd_tls.o)

.debug_str      0x0000000000000000     0x7038
 .debug_str     0x0000000000000000     0x1be2 build/main.o
                                       0x1dca (size before relaxing)
 .debug_str     0x0000000000001be2      0x1b7 build/stm32f4xx_it.o
                                        0xfeb (size before relaxing)
 .debug_str     0x0000000000001d99       0xac build/system_stm32f4xx.o
                                        0x42a (size before relaxing)
 .debug_str     0x0000000000001e45      0x112 build/stm32f4xx_hal_msp.o
                                       0x18a7 (size before relaxing)
 .debug_str     0x0000000000001f57      0x2a3 build/stm32f4xx_hal_adc.o
                                        0xa00 (size before relaxing)
 .debug_str     0x00000000000021fa      0x2dc build/stm32f4xx_hal_adc_ex.o
                                        0xa63 (size before relaxing)
 .debug_str     0x00000000000024d6      0x1c0 build/stm32f4xx_hal_rcc.o
                                        0x7a4 (size before relaxing)
 .debug_str     0x0000000000002696      0x2e7 build/stm32f4xx_hal_rcc_ex.o
                                        0x7f9 (size before relaxing)
 .debug_str     0x000000000000297d      0x12e build/stm32f4xx_hal_gpio.o
                                        0x5d0 (size before relaxing)
 .debug_str     0x0000000000002aab      0x2bd build/stm32f4xx_hal_dma.o
                                        0x823 (size before relaxing)
 .debug_str     0x0000000000002d68      0x470 build/stm32f4xx_hal_cortex.o
                                        0xd89 (size before relaxing)
 .debug_str     0x00000000000031d8      0x21f build/stm32f4xx_hal.o
                                        0xc6e (size before relaxing)
 .debug_str     0x00000000000033f7      0x17d build/stm32f4xx_hal_dac.o
                                        0x87c (size before relaxing)
 .debug_str     0x0000000000003574      0x172 build/stm32f4xx_hal_dac_ex.o
                                        0x7a1 (size before relaxing)
 .debug_str     0x00000000000036e6      0xdfb build/stm32f4xx_hal_tim.o
                                       0x1788 (size before relaxing)
 .debug_str     0x00000000000044e1      0x52f build/stm32f4xx_hal_tim_ex.o
                                       0x10be (size before relaxing)
 .debug_str     0x0000000000004a10      0x5cb build/stm32f4xx_hal_uart.o
                                        0xe05 (size before relaxing)
 .debug_str     0x0000000000004fdb      0x1fc build/stm32f4xx_nucleo_144.o
                                       0x115f (size before relaxing)
 .debug_str     0x00000000000051d7       0x24 build/startup_stm32f413xx.o
                                         0x47 (size before relaxing)
 .debug_str     0x00000000000051fb      0x1f5 /usr/lib/gcc/arm-none-eabi/7.3.1/../../../arm-none-eabi/lib/thumb/v7e-m/fpv4-sp/hard/libc_nano.a(lib_a-atoi.o)
                                        0x63c (size before relaxing)
 .debug_str     0x00000000000053f0       0x9c /usr/lib/gcc/arm-none-eabi/7.3.1/../../../arm-none-eabi/lib/thumb/v7e-m/fpv4-sp/hard/libc_nano.a(lib_a-impure.o)
                                        0x620 (size before relaxing)
 .debug_str     0x000000000000548c       0xf3 /usr/lib/gcc/arm-none-eabi/7.3.1/../../../arm-none-eabi/lib/thumb/v7e-m/fpv4-sp/hard/libc_nano.a(lib_a-init.o)
                                        0x267 (size before relaxing)
 .debug_str     0x000000000000557f      0x311 /usr/lib/gcc/arm-none-eabi/7.3.1/../../../arm-none-eabi/lib/thumb/v7e-m/fpv4-sp/hard/libc_nano.a(lib_a-memset.o)
                                        0x94d (size before relaxing)
 .debug_str     0x0000000000005890       0xa5 /usr/lib/gcc/arm-none-eabi/7.3.1/../../../arm-none-eabi/lib/thumb/v7e-m/fpv4-sp/hard/libc_nano.a(lib_a-strlen.o)
                                         0xb3 (size before relaxing)
 .debug_str     0x0000000000005935       0xf3 /usr/lib/gcc/arm-none-eabi/7.3.1/../../../arm-none-eabi/lib/thumb/v7e-m/fpv4-sp/hard/libc_nano.a(lib_a-strstr.o)
                                        0x728 (size before relaxing)
 .debug_str     0x0000000000005a28       0xb8 /usr/lib/gcc/arm-none-eabi/7.3.1/../../../arm-none-eabi/lib/thumb/v7e-m/fpv4-sp/hard/libc_nano.a(lib_a-strtol.o)
                                        0x9db (size before relaxing)
 .debug_str     0x0000000000005ae0       0x90 /usr/lib/gcc/arm-none-eabi/7.3.1/../../../arm-none-eabi/lib/thumb/v7e-m/fpv4-sp/hard/libc_nano.a(lib_a-ctype_.o)
                                        0x938 (size before relaxing)
 .debug_str     0x0000000000005b70       0x37 /usr/lib/gcc/arm-none-eabi/7.3.1/../../../arm-none-eabi/lib/thumb/v7e-m/fpv4-sp/hard/libc_nano.a(lib_a-memcmp.o)
                                        0x624 (size before relaxing)
 .debug_str     0x0000000000005ba7       0x3c /usr/lib/gcc/arm-none-eabi/7.3.1/../../../arm-none-eabi/lib/thumb/v7e-m/fpv4-sp/hard/libc_nano.a(lib_a-strchr.o)
                                        0x62f (size before relaxing)
 .debug_str     0x0000000000005be3       0x38 /usr/lib/gcc/arm-none-eabi/7.3.1/../../../arm-none-eabi/lib/thumb/v7e-m/fpv4-sp/hard/libc_nano.a(lib_a-strnlen.o)
                                        0x62c (size before relaxing)
 .debug_str     0x0000000000005c1b       0x7e /usr/lib/gcc/arm-none-eabi/7.3.1/thumb/v7e-m/fpv4-sp/hard/libgcc.a(_arm_addsubdf3.o)
                                         0x8c (size before relaxing)
 .debug_str     0x0000000000005c99       0x8c /usr/lib/gcc/arm-none-eabi/7.3.1/thumb/v7e-m/fpv4-sp/hard/libgcc.a(_arm_muldivdf3.o)
 .debug_str     0x0000000000005c99       0x8c /usr/lib/gcc/arm-none-eabi/7.3.1/thumb/v7e-m/fpv4-sp/hard/libgcc.a(_arm_fixunsdfsi.o)
 .debug_str     0x0000000000005c99       0x2f /usr/lib/gcc/arm-none-eabi/7.3.1/thumb/v7e-m/fpv4-sp/hard/libgcc.a(_aeabi_uldivmod.o)
                                         0x87 (size before relaxing)
 .debug_str     0x0000000000005cc8     0x133d /usr/lib/gcc/arm-none-eabi/7.3.1/thumb/v7e-m/fpv4-sp/hard/libgcc.a(_udivmoddi4.o)
                                       0x1421 (size before relaxing)
 .debug_str     0x0000000000007005       0x33 /usr/lib/gcc/arm-none-eabi/7.3.1/thumb/v7e-m/fpv4-sp/hard/libgcc.a(_dvmd_tls.o)
                                         0x8b (size before relaxing)

.debug_frame    0x0000000000000000     0x34b4
 .debug_frame   0x0000000000000000      0x2a4 build/main.o
 .debug_frame   0x00000000000002a4      0x1a8 build/stm32f4xx_it.o
 .debug_frame   0x000000000000044c       0x30 build/system_stm32f4xx.o
 .debug_frame   0x000000000000047c      0x12c build/stm32f4xx_hal_msp.o
 .debug_frame   0x00000000000005a8      0x2b8 build/stm32f4xx_hal_adc.o
 .debug_frame   0x0000000000000860      0x1a4 build/stm32f4xx_hal_adc_ex.o
 .debug_frame   0x0000000000000a04      0x1c4 build/stm32f4xx_hal_rcc.o
 .debug_frame   0x0000000000000bc8      0x120 build/stm32f4xx_hal_rcc_ex.o
 .debug_frame   0x0000000000000ce8       0xec build/stm32f4xx_hal_gpio.o
 .debug_frame   0x0000000000000dd4      0x1b8 build/stm32f4xx_hal_dma.o
 .debug_frame   0x0000000000000f8c      0x16c build/stm32f4xx_hal_cortex.o
 .debug_frame   0x00000000000010f8      0x200 build/stm32f4xx_hal.o
 .debug_frame   0x00000000000012f8      0x230 build/stm32f4xx_hal_dac.o
 .debug_frame   0x0000000000001528      0x148 build/stm32f4xx_hal_dac_ex.o
 .debug_frame   0x0000000000001670      0xd14 build/stm32f4xx_hal_tim.o
 .debug_frame   0x0000000000002384      0x528 build/stm32f4xx_hal_tim_ex.o
 .debug_frame   0x00000000000028ac      0x66c build/stm32f4xx_hal_uart.o
 .debug_frame   0x0000000000002f18      0x1ec build/stm32f4xx_nucleo_144.o
 .debug_frame   0x0000000000003104       0x30 /usr/lib/gcc/arm-none-eabi/7.3.1/../../../arm-none-eabi/lib/thumb/v7e-m/fpv4-sp/hard/libc_nano.a(lib_a-atoi.o)
 .debug_frame   0x0000000000003134       0x2c /usr/lib/gcc/arm-none-eabi/7.3.1/../../../arm-none-eabi/lib/thumb/v7e-m/fpv4-sp/hard/libc_nano.a(lib_a-init.o)
 .debug_frame   0x0000000000003160       0x38 /usr/lib/gcc/arm-none-eabi/7.3.1/../../../arm-none-eabi/lib/thumb/v7e-m/fpv4-sp/hard/libc_nano.a(lib_a-memset.o)
 .debug_frame   0x0000000000003198       0x84 /usr/lib/gcc/arm-none-eabi/7.3.1/../../../arm-none-eabi/lib/thumb/v7e-m/fpv4-sp/hard/libc_nano.a(lib_a-strstr.o)
 .debug_frame   0x000000000000321c       0x80 /usr/lib/gcc/arm-none-eabi/7.3.1/../../../arm-none-eabi/lib/thumb/v7e-m/fpv4-sp/hard/libc_nano.a(lib_a-strtol.o)
 .debug_frame   0x000000000000329c       0x38 /usr/lib/gcc/arm-none-eabi/7.3.1/../../../arm-none-eabi/lib/thumb/v7e-m/fpv4-sp/hard/libc_nano.a(lib_a-memcmp.o)
 .debug_frame   0x00000000000032d4       0x30 /usr/lib/gcc/arm-none-eabi/7.3.1/../../../arm-none-eabi/lib/thumb/v7e-m/fpv4-sp/hard/libc_nano.a(lib_a-strchr.o)
 .debug_frame   0x0000000000003304       0x30 /usr/lib/gcc/arm-none-eabi/7.3.1/../../../arm-none-eabi/lib/thumb/v7e-m/fpv4-sp/hard/libc_nano.a(lib_a-strnlen.o)
 .debug_frame   0x0000000000003334       0xac /usr/lib/gcc/arm-none-eabi/7.3.1/thumb/v7e-m/fpv4-sp/hard/libgcc.a(_arm_addsubdf3.o)
 .debug_frame   0x00000000000033e0       0x50 /usr/lib/gcc/arm-none-eabi/7.3.1/thumb/v7e-m/fpv4-sp/hard/libgcc.a(_arm_muldivdf3.o)
 .debug_frame   0x0000000000003430       0x24 /usr/lib/gcc/arm-none-eabi/7.3.1/thumb/v7e-m/fpv4-sp/hard/libgcc.a(_arm_fixunsdfsi.o)
 .debug_frame   0x0000000000003454       0x2c /usr/lib/gcc/arm-none-eabi/7.3.1/thumb/v7e-m/fpv4-sp/hard/libgcc.a(_aeabi_uldivmod.o)
 .debug_frame   0x0000000000003480       0x34 /usr/lib/gcc/arm-none-eabi/7.3.1/thumb/v7e-m/fpv4-sp/hard/libgcc.a(_udivmoddi4.o)

Cross Reference Table

Symbol                                            File
ADC_IRQHandler                                    build/stm32f4xx_it.o
AHBPrescTable                                     build/system_stm32f4xx.o
                                                  build/stm32f4xx_hal_rcc.o
APBPrescTable                                     build/system_stm32f4xx.o
                                                  build/stm32f4xx_hal_rcc.o
BSP_GetVersion                                    build/stm32f4xx_nucleo_144.o
BSP_JOY_DeInit                                    build/stm32f4xx_nucleo_144.o
BSP_JOY_GetState                                  build/stm32f4xx_nucleo_144.o
BSP_JOY_Init                                      build/stm32f4xx_nucleo_144.o
BSP_LED_DeInit                                    build/stm32f4xx_nucleo_144.o
BSP_LED_Init                                      build/stm32f4xx_nucleo_144.o
                                                  build/main.o
BSP_LED_Off                                       build/stm32f4xx_nucleo_144.o
                                                  build/main.o
BSP_LED_On                                        build/stm32f4xx_nucleo_144.o
                                                  build/main.o
BSP_LED_Toggle                                    build/stm32f4xx_nucleo_144.o
BSP_PB_DeInit                                     build/stm32f4xx_nucleo_144.o
BSP_PB_GetState                                   build/stm32f4xx_nucleo_144.o
BSP_PB_Init                                       build/stm32f4xx_nucleo_144.o
BUTTON_IRQn                                       build/stm32f4xx_nucleo_144.o
BUTTON_PIN                                        build/stm32f4xx_nucleo_144.o
BUTTON_PORT                                       build/stm32f4xx_nucleo_144.o
BusFault_Handler                                  build/stm32f4xx_it.o
CAN1_RX0_IRQHandler                               build/startup_stm32f413xx.o
CAN1_RX1_IRQHandler                               build/startup_stm32f413xx.o
CAN1_SCE_IRQHandler                               build/startup_stm32f413xx.o
CAN1_TX_IRQHandler                                build/startup_stm32f413xx.o
CAN2_RX0_IRQHandler                               build/startup_stm32f413xx.o
CAN2_RX1_IRQHandler                               build/startup_stm32f413xx.o
CAN2_SCE_IRQHandler                               build/startup_stm32f413xx.o
CAN2_TX_IRQHandler                                build/startup_stm32f413xx.o
CAN3_RX0_IRQHandler                               build/startup_stm32f413xx.o
CAN3_RX1_IRQHandler                               build/startup_stm32f413xx.o
CAN3_SCE_IRQHandler                               build/startup_stm32f413xx.o
CAN3_TX_IRQHandler                                build/startup_stm32f413xx.o
DAC_DMAConvCpltCh1                                build/stm32f4xx_hal_dac.o
DAC_DMAConvCpltCh2                                build/stm32f4xx_hal_dac_ex.o
                                                  build/stm32f4xx_hal_dac.o
DAC_DMAErrorCh1                                   build/stm32f4xx_hal_dac.o
DAC_DMAErrorCh2                                   build/stm32f4xx_hal_dac_ex.o
                                                  build/stm32f4xx_hal_dac.o
DAC_DMAHalfConvCpltCh1                            build/stm32f4xx_hal_dac.o
DAC_DMAHalfConvCpltCh2                            build/stm32f4xx_hal_dac_ex.o
                                                  build/stm32f4xx_hal_dac.o
DFSDM1_FLT0_IRQHandler                            build/startup_stm32f413xx.o
DFSDM1_FLT1_IRQHandler                            build/startup_stm32f413xx.o
DFSDM2_FLT0_IRQHandler                            build/startup_stm32f413xx.o
DFSDM2_FLT1_IRQHandler                            build/startup_stm32f413xx.o
DFSDM2_FLT2_IRQHandler                            build/startup_stm32f413xx.o
DFSDM2_FLT3_IRQHandler                            build/startup_stm32f413xx.o
DMA1_Stream0_IRQHandler                           build/startup_stm32f413xx.o
DMA1_Stream1_IRQHandler                           build/startup_stm32f413xx.o
DMA1_Stream2_IRQHandler                           build/startup_stm32f413xx.o
DMA1_Stream3_IRQHandler                           build/startup_stm32f413xx.o
DMA1_Stream4_IRQHandler                           build/startup_stm32f413xx.o
DMA1_Stream5_IRQHandler                           build/stm32f4xx_it.o
DMA1_Stream6_IRQHandler                           build/startup_stm32f413xx.o
DMA1_Stream7_IRQHandler                           build/startup_stm32f413xx.o
DMA2_Stream0_IRQHandler                           build/stm32f4xx_it.o
DMA2_Stream1_IRQHandler                           build/startup_stm32f413xx.o
DMA2_Stream2_IRQHandler                           build/startup_stm32f413xx.o
DMA2_Stream3_IRQHandler                           build/startup_stm32f413xx.o
DMA2_Stream4_IRQHandler                           build/startup_stm32f413xx.o
DMA2_Stream5_IRQHandler                           build/startup_stm32f413xx.o
DMA2_Stream6_IRQHandler                           build/startup_stm32f413xx.o
DMA2_Stream7_IRQHandler                           build/startup_stm32f413xx.o
DebugMon_Handler                                  build/stm32f4xx_it.o
Default_Handler                                   build/startup_stm32f413xx.o
EXTI0_IRQHandler                                  build/startup_stm32f413xx.o
EXTI15_10_IRQHandler                              build/startup_stm32f413xx.o
EXTI1_IRQHandler                                  build/startup_stm32f413xx.o
EXTI2_IRQHandler                                  build/startup_stm32f413xx.o
EXTI3_IRQHandler                                  build/startup_stm32f413xx.o
EXTI4_IRQHandler                                  build/startup_stm32f413xx.o
EXTI9_5_IRQHandler                                build/startup_stm32f413xx.o
Error_Handler                                     build/main.o
                                                  build/stm32f4xx_hal_msp.o
FLASH_Erase_Sector                                build/stm32f4xx_hal_flash_ex.o
                                                  build/stm32f4xx_hal_flash.o
FLASH_FlushCaches                                 build/stm32f4xx_hal_flash_ex.o
                                                  build/stm32f4xx_hal_flash.o
FLASH_IRQHandler                                  build/startup_stm32f413xx.o
FLASH_WaitForLastOperation                        build/stm32f4xx_hal_flash.o
                                                  build/stm32f4xx_hal_flash_ex.o
FMPI2C1_ER_IRQHandler                             build/startup_stm32f413xx.o
FMPI2C1_EV_IRQHandler                             build/startup_stm32f413xx.o
FPU_IRQHandler                                    build/startup_stm32f413xx.o
FSMC_IRQHandler                                   build/startup_stm32f413xx.o
GPIO_PIN                                          build/stm32f4xx_nucleo_144.o
GPIO_PORT                                         build/stm32f4xx_nucleo_144.o
HAL_ADCEx_InjectedConfigChannel                   build/stm32f4xx_hal_adc_ex.o
HAL_ADCEx_InjectedConvCpltCallback                build/stm32f4xx_hal_adc_ex.o
                                                  build/stm32f4xx_hal_adc.o
HAL_ADCEx_InjectedGetValue                        build/stm32f4xx_hal_adc_ex.o
HAL_ADCEx_InjectedPollForConversion               build/stm32f4xx_hal_adc_ex.o
HAL_ADCEx_InjectedStart                           build/stm32f4xx_hal_adc_ex.o
HAL_ADCEx_InjectedStart_IT                        build/stm32f4xx_hal_adc_ex.o
HAL_ADCEx_InjectedStop                            build/stm32f4xx_hal_adc_ex.o
HAL_ADCEx_InjectedStop_IT                         build/stm32f4xx_hal_adc_ex.o
HAL_ADCEx_MultiModeConfigChannel                  build/stm32f4xx_hal_adc_ex.o
HAL_ADCEx_MultiModeGetValue                       build/stm32f4xx_hal_adc_ex.o
HAL_ADCEx_MultiModeStart_DMA                      build/stm32f4xx_hal_adc_ex.o
HAL_ADCEx_MultiModeStop_DMA                       build/stm32f4xx_hal_adc_ex.o
HAL_ADC_AnalogWDGConfig                           build/stm32f4xx_hal_adc.o
HAL_ADC_ConfigChannel                             build/stm32f4xx_hal_adc.o
                                                  build/stm32f4xx_nucleo_144.o
                                                  build/main.o
HAL_ADC_ConvCpltCallback                          build/main.o
                                                  build/stm32f4xx_hal_adc_ex.o
HAL_ADC_ConvHalfCpltCallback                      build/stm32f4xx_hal_adc.o
                                                  build/stm32f4xx_hal_adc_ex.o
HAL_ADC_DeInit                                    build/stm32f4xx_hal_adc.o
                                                  build/stm32f4xx_nucleo_144.o
HAL_ADC_ErrorCallback                             build/stm32f4xx_hal_adc.o
                                                  build/stm32f4xx_hal_adc_ex.o
HAL_ADC_GetError                                  build/stm32f4xx_hal_adc.o
HAL_ADC_GetState                                  build/stm32f4xx_hal_adc.o
                                                  build/stm32f4xx_nucleo_144.o
HAL_ADC_GetValue                                  build/stm32f4xx_hal_adc.o
                                                  build/stm32f4xx_nucleo_144.o
HAL_ADC_IRQHandler                                build/stm32f4xx_hal_adc.o
                                                  build/stm32f4xx_it.o
HAL_ADC_Init                                      build/stm32f4xx_hal_adc.o
                                                  build/stm32f4xx_nucleo_144.o
                                                  build/main.o
HAL_ADC_LevelOutOfWindowCallback                  build/stm32f4xx_hal_adc.o
HAL_ADC_MspDeInit                                 build/stm32f4xx_hal_msp.o
HAL_ADC_MspInit                                   build/stm32f4xx_hal_msp.o
HAL_ADC_PollForConversion                         build/stm32f4xx_hal_adc.o
                                                  build/stm32f4xx_nucleo_144.o
HAL_ADC_PollForEvent                              build/stm32f4xx_hal_adc.o
HAL_ADC_Start                                     build/stm32f4xx_hal_adc.o
                                                  build/stm32f4xx_nucleo_144.o
HAL_ADC_Start_DMA                                 build/stm32f4xx_hal_adc.o
                                                  build/main.o
HAL_ADC_Start_IT                                  build/stm32f4xx_hal_adc.o
HAL_ADC_Stop                                      build/stm32f4xx_hal_adc.o
HAL_ADC_Stop_DMA                                  build/stm32f4xx_hal_adc.o
HAL_ADC_Stop_IT                                   build/stm32f4xx_hal_adc.o
HAL_DACEx_ConvCpltCallbackCh2                     build/stm32f4xx_hal_dac_ex.o
HAL_DACEx_ConvHalfCpltCallbackCh2                 build/stm32f4xx_hal_dac_ex.o
HAL_DACEx_DMAUnderrunCallbackCh2                  build/stm32f4xx_hal_dac_ex.o
                                                  build/stm32f4xx_hal_dac.o
HAL_DACEx_DualGetValue                            build/stm32f4xx_hal_dac_ex.o
HAL_DACEx_DualSetValue                            build/stm32f4xx_hal_dac_ex.o
HAL_DACEx_DualStart                               build/stm32f4xx_hal_dac_ex.o
HAL_DACEx_DualStop                                build/stm32f4xx_hal_dac_ex.o
HAL_DACEx_ErrorCallbackCh2                        build/stm32f4xx_hal_dac_ex.o
HAL_DACEx_NoiseWaveGenerate                       build/stm32f4xx_hal_dac_ex.o
HAL_DACEx_TriangleWaveGenerate                    build/stm32f4xx_hal_dac_ex.o
HAL_DAC_ConfigChannel                             build/stm32f4xx_hal_dac.o
                                                  build/main.o
HAL_DAC_ConvCpltCallbackCh1                       build/stm32f4xx_hal_dac.o
HAL_DAC_ConvHalfCpltCallbackCh1                   build/stm32f4xx_hal_dac.o
HAL_DAC_DMAUnderrunCallbackCh1                    build/stm32f4xx_hal_dac.o
HAL_DAC_DeInit                                    build/stm32f4xx_hal_dac.o
HAL_DAC_ErrorCallbackCh1                          build/stm32f4xx_hal_dac.o
HAL_DAC_GetError                                  build/stm32f4xx_hal_dac.o
HAL_DAC_GetState                                  build/stm32f4xx_hal_dac.o
HAL_DAC_GetValue                                  build/stm32f4xx_hal_dac.o
HAL_DAC_IRQHandler                                build/stm32f4xx_hal_dac.o
                                                  build/stm32f4xx_it.o
HAL_DAC_Init                                      build/stm32f4xx_hal_dac.o
                                                  build/main.o
HAL_DAC_MspDeInit                                 build/stm32f4xx_hal_msp.o
HAL_DAC_MspInit                                   build/stm32f4xx_hal_msp.o
HAL_DAC_SetValue                                  build/stm32f4xx_hal_dac.o
HAL_DAC_Start                                     build/stm32f4xx_hal_dac.o
                                                  build/main.o
HAL_DAC_Start_DMA                                 build/stm32f4xx_hal_dac.o
                                                  build/main.o
HAL_DAC_Stop                                      build/stm32f4xx_hal_dac.o
HAL_DAC_Stop_DMA                                  build/stm32f4xx_hal_dac.o